Microchip MPLAB XC8 Compiler V2.35

Linker command line:

-W-3 --edf=C:\Program Files\Microchip\xc8\v2.35\pic\dat\en_msgs.txt -cn \
  -h+dist/Config_2/production\zb_button.X.production.sym \
  --cmf=dist/Config_2/production\zb_button.X.production.cmf -z -Q16F628A \
  -oC:\Users\Admin\AppData\Local\Temp\xcAst4c.4 --defsym=__MPLAB_BUILD=1 \
  -Mdist/Config_2/production/zb_button.X.production.map \
  --md=C:\Users\Admin\AppData\Local\Temp\xcAst4c.dat -E1 -ver=XC8 Compiler \
  --acfsm=1493 -ACODE=00h-07FFh -ASTRCODE=00h-07FFh -ASTRING=00h-0FFhx8 \
  -ACONST=00h-0FFhx8 -AENTRY=00h-0FFhx8 -ACOMMON=070h-07Fh \
  -ABANK0=020h-06Fh -ABANK1=0A0h-0EFh -ABANK2=0120h-014Fh \
  -ARAM=020h-06Fh,0A0h-0EFh,0120h-014Fh \
  -AABS1=020h-07Fh,0A0h-0EFh,0120h-014Fh -ASFR0=00h-01Fh -ASFR1=080h-09Fh \
  -ASFR2=0100h-011Fh -ASFR3=0180h-01EFh -ACONFIG=02007h-02007h -DCONFIG=2 \
  -AIDLOC=02000h-02003h -DIDLOC=2 -AEEDATA=00h-07Fh/02100h \
  -peeprom_data=EEDATA -DEEDATA=2 -DCODE=2 -DSTRCODE=2 -DSTRING=2 -DCONST=2 \
  -DENTRY=2 -preset_vec=00h,intentry=04h,init,end_init -ppowerup=CODE \
  -pcinit=CODE -pfunctab=ENTRY -k \
  C:\Users\Admin\AppData\Local\Temp\xcAst4c.o \
  dist/Config_2/production\zb_button.X.production.o 

Object code version is 3.11

Machine type is 16F628A



                Name                               Link     Load   Length Selector   Space Scale
C:\Users\Admin\AppData\Local\Temp\xcAst4c.o
                end_init                             10       10        1        8       0
                reset_vec                             0        0        1        0       0
                config                             2007     2007        1        0       4
dist/Config_2/production\zb_button.X.production.o
                cinit                                11       11        D        8       0
                functab                              1E       1E        E       3C       0
                intentry                              4        4        C        8       0
                config                             2007     2007        1        0       4
                text50                              779      779        B       58       0
                text49                              6CE      6CE       10       58       0
                text48                              70B      70B        F       58       0
                text47                              6BE      6BE       10       58       0
                text46                              6FC      6FC        F       58       0
                text45                              7CA      7CA        2       58       0
                text44                              6AD      6AD       11       58       0
                text43                              11C      11C       B4       58       0
                text42                              1D0      1D0       AB       58       0
                text41                              27B      27B       9D       58       0
                text40                              634      634       1A       58       0
                text39                              318      318       6E       58       0
                text38                              7B1      7B1        8       58       0
                text37                              76E      76E        B       58       0
                text36                              741      741        C       58       0
                text35                              798      798        9       58       0
                text34                              663      663       15       58       0
                text33                              5BE      5BE       21       58       0
                text32                              763      763        B       58       0
                text31                              6ED      6ED        F       58       0
                text30                              69C      69C       11       58       0
                text29                              3EC      3EC       5B       58       0
                text28                              758      758        B       58       0
                text27                              7C1      7C1        4       58       0
                text26                              54C      54C       29       58       0
                text25                              7BD      7BD        4       58       0
                text24                              7C8      7C8        2       58       0
                text23                              447      447       55       58       0
                text22                              78E      78E        A       58       0
                text21                              784      784        A       58       0
                text20                              61A      61A       1A       58       0
                text19                              7C5      7C5        3       58       0
                text18                              7B9      7B9        4       58       0
                text17                              68A      68A       12       58       0
                text16                              49C      49C       41       58       0
                text15                              6DE      6DE        F       58       0
                text14                              735      735        C       58       0
                text13                              728      728        D       58       0
                text12                              7A9      7A9        8       58       0
                text11                              74D      74D        B       58       0
                text10                              71A      71A        E       58       0
                text9                               575      575       26       58       0
                text8                               515      515       37       58       0
                text7                               5FE      5FE       1C       58       0
                text6                               64E      64E       15       58       0
                text5                               5DF      5DF       1F       58       0
                text4                               678      678       12       58       0
                text3                               59B      59B       23       58       0
                text2                               386      386       66       58       0
                text1                               4DD      4DD       38       58       0
                maintext                             2C       2C       F0       58       0
                cstackBANK0                          20       20       30       20       1
                cstackCOMMON                         70       70        E       70       1
                clrtext                             7A1      7A1        8       58       0
                bssBANK1                             A0       A0       3A       A0       1
                dataBANK0                            62       62        1       20       1
                bssBANK0                             50       50       12       20       1
                idataBANK0                          7CC      7CC        1       58       0

TOTAL           Name                               Link     Load   Length     Space
        CLASS   CODE           
                end_init                             10       10        1         0
                cinit                                11       11        D         0
                intentry                              4        4        C         0
                reset_vec                             0        0        1         0
                text50                              779      779        B         0
                text49                              6CE      6CE       10         0
                text48                              70B      70B        F         0
                text47                              6BE      6BE       10         0
                text46                              6FC      6FC        F         0
                text45                              7CA      7CA        2         0
                text44                              6AD      6AD       11         0
                text43                              11C      11C       B4         0
                text42                              1D0      1D0       AB         0
                text41                              27B      27B       9D         0
                text40                              634      634       1A         0
                text39                              318      318       6E         0
                text38                              7B1      7B1        8         0
                text37                              76E      76E        B         0
                text36                              741      741        C         0
                text35                              798      798        9         0
                text34                              663      663       15         0
                text33                              5BE      5BE       21         0
                text32                              763      763        B         0
                text31                              6ED      6ED        F         0
                text30                              69C      69C       11         0
                text29                              3EC      3EC       5B         0
                text28                              758      758        B         0
                text27                              7C1      7C1        4         0
                text26                              54C      54C       29         0
                text25                              7BD      7BD        4         0
                text24                              7C8      7C8        2         0
                text23                              447      447       55         0
                text22                              78E      78E        A         0
                text21                              784      784        A         0
                text20                              61A      61A       1A         0
                text19                              7C5      7C5        3         0
                text18                              7B9      7B9        4         0
                text17                              68A      68A       12         0
                text16                              49C      49C       41         0
                text15                              6DE      6DE        F         0
                text14                              735      735        C         0
                text13                              728      728        D         0
                text12                              7A9      7A9        8         0
                text11                              74D      74D        B         0
                text10                              71A      71A        E         0
                text9                               575      575       26         0
                text8                               515      515       37         0
                text7                               5FE      5FE       1C         0
                text6                               64E      64E       15         0
                text5                               5DF      5DF       1F         0
                text4                               678      678       12         0
                text3                               59B      59B       23         0
                text2                               386      386       66         0
                text1                               4DD      4DD       38         0
                maintext                             2C       2C       F0         0
                clrtext                             7A1      7A1        8         0
                idataBANK0                          7CC      7CC        1         0

        CLASS   STRCODE        

        CLASS   STRING         

        CLASS   CONST          

        CLASS   ENTRY          
                functab                              1E       1E        E         0

        CLASS   COMMON         
                cstackCOMMON                         70       70        E         1

        CLASS   BANK0          
                cstackBANK0                          20       20       30         1
                dataBANK0                            62       62        1         1
                bssBANK0                             50       50       12         1

        CLASS   BANK1          
                bssBANK1                             A0       A0       3A         1

        CLASS   BANK2          

        CLASS   RAM            

        CLASS   ABS1           
                abs_s1                               7E       7E        2         1

        CLASS   SFR0           

        CLASS   SFR1           

        CLASS   SFR2           

        CLASS   SFR3           

        CLASS   CONFIG         
                config                             2007     2007        1         4

        CLASS   IDLOC          

        CLASS   EEDATA         

        CLASS   BANK3          

        CLASS   STACK          



SEGMENTS        Name                           Load    Length   Top    Selector   Space  Class     Delta

                reset_vec                      000000  000001  000001         0       0  CODE        2
                intentry                       000004  00001A  00001E         8       0  CODE        2
                cstackBANK0                    000020  000043  000063        20       1  BANK0       1
                functab                        00001E  00000E  00002C        3C       0  ENTRY       2
                maintext                       00002C  0007A1  0007CD        58       0  CODE        2
                cstackCOMMON                   000070  00000E  00007E        70       1  COMMON      1
                bssBANK1                       0000A0  00003A  0000DA        A0       1  BANK1       1


UNUSED ADDRESS RANGES

        Name                Unused          Largest block    Delta
        BANK0            0063-006F              D           1
        BANK1            00DA-00EF             16           1
        BANK2            0120-014F             30           1
        CODE             0001-0003              3           2
                         07CD-07FF             33
        CONST            0001-0003              3           2
                         07CD-07FF             33
        EEDATA           2100-217F             80           2
        ENTRY            0001-0003              3           2
                         07CD-07FF             33
        IDLOC            2000-2003              4           2
        RAM              0063-006F              D           1
                         00DA-00EF             16
                         0120-014F             30
        SFR0             0000-001F             20           1
        SFR1             0080-009F             20           1
        SFR2             0100-011F             20           1
        SFR3             0180-01EF             70           1
        STRCODE          0001-0003              3           2
                         07CD-07FF             33
        STRING           0001-0003              3           2
                         07CD-07FF             33

                                  Symbol Table

?_sys_tick_get_tick                               cstackBANK0  002A
ISR@c                                             cstackBANK0  0027
ISR@iocMask                                       cstackBANK0  0029
ISR@newPORTB                                      cstackBANK0  0028
ISR@tmpPORTB                                      dataBANK0    0062
_CMCONbits                                        (abs)        001F
_EEADR                                            (abs)        009B
_EECON1                                           (abs)        009C
_EECON1bits                                       (abs)        009C
_EECON2                                           (abs)        009D
_EEDATA                                           (abs)        009A
_INTCONbits                                       (abs)        000B
_ISR                                              text39       0318
_OPTION_REGbits                                   (abs)        0081
_PIE1bits                                         (abs)        008C
_PIR1bits                                         (abs)        000C
_PORTAbits                                        (abs)        0005
_PORTB                                            (abs)        0006
_PORTBbits                                        (abs)        0006
_RCREG                                            (abs)        001A
_RCSTAbits                                        (abs)        0018
_SPBRG                                            (abs)        0099
_STATUSbits                                       (abs)        0003
_T1CONbits                                        (abs)        0010
_TMR0                                             (abs)        0001
_TMR1                                             (abs)        000E
_TRISAbits                                        (abs)        0085
_TRISB                                            (abs)        0086
_TRISBbits                                        (abs)        0086
_TXREG                                            (abs)        0019
_TXSTAbits                                        (abs)        0098
__Habs1                                           abs1         0058
__Hbank0                                          bank0        0058
__Hbank1                                          bank1        0058
__Hbank2                                          bank2        0058
__Hbank3                                          bank3        0058
__HbssBANK0                                       bssBANK0     0058
__HbssBANK1                                       bssBANK1     0058
__Hcinit                                          cinit        001E
__Hclrtext                                        clrtext      0058
__Hcode                                           code         0058
__Hcommon                                         common       0058
__Hconfig                                         config       2008
__HcstackBANK0                                    cstackBANK0  0058
__HcstackCOMMON                                   cstackCOMMON 0058
__HdataBANK0                                      dataBANK0    0058
__Heeprom_data                                    eeprom_data  0000
__Hend_init                                       end_init     0011
__Hfunctab                                        functab      002C
__HidataBANK0                                     idataBANK0   0058
__Hinit                                           init         0010
__Hintentry                                       intentry     0010
__Hmaintext                                       maintext     0058
__Hpowerup                                        powerup      0000
__Hram                                            ram          0058
__Hreset_vec                                      reset_vec    0001
__Hsfr0                                           sfr0         0058
__Hsfr1                                           sfr1         0058
__Hsfr2                                           sfr2         0058
__Hsfr3                                           sfr3         0058
__Hspace_0                                        (abs)        07CD
__Hspace_1                                        (abs)        00DA
__Hspace_2                                        (abs)        0058
__Hspace_3                                        (abs)        0000
__Hspace_4                                        (abs)        400F
__Hstack                                          stack        0058
__Hstrings                                        strings      0058
__Htext                                           text         0058
__Labs1                                           abs1         0058
__Lbank0                                          bank0        0058
__Lbank1                                          bank1        0058
__Lbank2                                          bank2        0058
__Lbank3                                          bank3        0058
__LbssBANK0                                       bssBANK0     0058
__LbssBANK1                                       bssBANK1     0058
__Lcinit                                          cinit        0011
__Lclrtext                                        clrtext      0058
__Lcode                                           code         0058
__Lcommon                                         common       0058
__Lconfig                                         config       0000
__LcstackBANK0                                    cstackBANK0  0058
__LcstackCOMMON                                   cstackCOMMON 0058
__LdataBANK0                                      dataBANK0    0058
__Leeprom_data                                    eeprom_data  0000
__Lend_init                                       end_init     0010
__Lfunctab                                        functab      001E
__LidataBANK0                                     idataBANK0   0058
__Linit                                           init         0010
__Lintentry                                       intentry     0004
__Lmaintext                                       maintext     0058
__Lpowerup                                        powerup      0000
__Lram                                            ram          0058
__Lreset_vec                                      reset_vec    0000
__Lsfr0                                           sfr0         0058
__Lsfr1                                           sfr1         0058
__Lsfr2                                           sfr2         0058
__Lsfr3                                           sfr3         0058
__Lspace_0                                        (abs)        0000
__Lspace_1                                        (abs)        0000
__Lspace_2                                        (abs)        0000
__Lspace_3                                        (abs)        0000
__Lspace_4                                        (abs)        0000
__Lstack                                          stack        0058
__Lstrings                                        strings      0058
__Ltext                                           text         0058
__S0                                              (abs)        07CD
__S1                                              (abs)        00DA
__S3                                              (abs)        0000
___bmul                                           text30       069C
___bmul@multiplicand                              cstackBANK0  002A
___bmul@multiplier                                cstackBANK0  002D
___bmul@product                                   cstackBANK0  002C
___int_sp                                         stack        0058
___latbits                                        (abs)        0000
___sp                                             stack        0058
___stackhi                                        (abs)        0000
___stacklo                                        (abs)        0000
__blink_handler                                   text45       07CA
__end_of_ISR                                      text39       0386
__end_of___bmul                                   text30       06AD
__end_of__blink_handler                           text45       07CC
__end_of__i1fptable                               functab      002C
__end_of__initialization                          cinit        001C
__end_of_button1_handler                          text49       06DE
__end_of_button2_handler                          text48       071A
__end_of_button3_handler                          text47       06CE
__end_of_button_init                              text35       07A1
__end_of_eeprom_read                              text34       0678
__end_of_eeprom_write                             text33       05DF
__end_of_ex_int_add_isr_handler                   text38       07B9
__end_of_ioc_rb4_add_isr_handler                  text37       0779
__end_of_ioc_rb5_add_isr_handler                  text36       074D
__end_of_led_button_init                          text31       06FC
__end_of_led_ind_blink_start                      text28       0763
__end_of_led_ind_blink_stop                       text25       07C1
__end_of_led_ind_init                             text22       0798
__end_of_led_ind_off                              text27       07C5
__end_of_led_ind_on                               text24       07CA
__end_of_led_ind_toggle                           text46       070B
__end_of_main                                     maintext     011C
__end_of_sys_tick_get_tick                        text17       069C
__end_of_sys_tick_handler                         text43       01D0
__end_of_sys_tick_init                            text20       0634
__end_of_sys_tick_register_callback_handler       text23       049C
__end_of_sys_tick_start_periodic                  text29       0447
__end_of_sys_tick_stop                            text26       0575
__end_of_timer1_add_isr_handler                   text21       078E
__end_of_usart_add_isr_handler                    text15       06ED
__end_of_usart_init                               text14       0741
__end_of_usart_send                               text12       07B1
__end_of_wait_for_msg                             text11       0758
__end_of_wait_for_status                          text10       0728
__end_of_xEventGroupClearBits                     text32       076E
__end_of_xEventGroupCreate                        text19       07C8
__end_of_xEventGroupGetBits                       text18       07BD
__end_of_xEventGroupSetBits                       text50       0784
__end_of_xEventGroupWaitBits                      text16       04DD
__end_of_znp_af_data_request                      text2        03EC
__end_of_znp_af_register                          text9        059B
__end_of_znp_frame_parser                         text41       0318
__end_of_znp_hard_reset                           text6        0663
__end_of_znp_init                                 text13       0735
__end_of_znp_msg_handler                          text42       027B
__end_of_znp_router_start                         text3        05BE
__end_of_znp_send_msg                             text1        0515
__end_of_znp_set_channels                         text8        054C
__end_of_znp_set_logical_type                     text7        061A
__end_of_znp_set_startopt                         text5        05FE
__end_of_znp_usart_event_handler                  text40       064E
__end_of_znp_zdo_startup_from_app                 text4        068A
__end_ofi1___bmul                                 text44       06BE
__ex_int_isr                                      bssBANK0     005B
__i1fptable                                       functab      001F
__initialization                                  cinit        0011
__ioc_rb4_isr                                     bssBANK0     005A
__ioc_rb5_isr                                     bssBANK0     0059
__pbssBANK0                                       bssBANK0     0050
__pbssBANK1                                       bssBANK1     00A0
__pcstackBANK0                                    cstackBANK0  0020
__pcstackCOMMON                                   cstackCOMMON 0070
__pdataBANK0                                      dataBANK0    0062
__pfunctab                                        functab      001E
__pidataBANK0                                     idataBANK0   07CC
__pintentry                                       intentry     0004
__pmaintext                                       maintext     002C
__ptext1                                          text1        04DD
__ptext10                                         text10       071A
__ptext11                                         text11       074D
__ptext12                                         text12       07A9
__ptext13                                         text13       0728
__ptext14                                         text14       0735
__ptext15                                         text15       06DE
__ptext16                                         text16       049C
__ptext17                                         text17       068A
__ptext18                                         text18       07B9
__ptext19                                         text19       07C5
__ptext2                                          text2        0386
__ptext20                                         text20       061A
__ptext21                                         text21       0784
__ptext22                                         text22       078E
__ptext23                                         text23       0447
__ptext24                                         text24       07C8
__ptext25                                         text25       07BD
__ptext26                                         text26       054C
__ptext27                                         text27       07C1
__ptext28                                         text28       0758
__ptext29                                         text29       03EC
__ptext3                                          text3        059B
__ptext30                                         text30       069C
__ptext31                                         text31       06ED
__ptext32                                         text32       0763
__ptext33                                         text33       05BE
__ptext34                                         text34       0663
__ptext35                                         text35       0798
__ptext36                                         text36       0741
__ptext37                                         text37       076E
__ptext38                                         text38       07B1
__ptext39                                         text39       0318
__ptext4                                          text4        0678
__ptext40                                         text40       0634
__ptext41                                         text41       027B
__ptext42                                         text42       01D0
__ptext43                                         text43       011C
__ptext44                                         text44       06AD
__ptext45                                         text45       07CA
__ptext46                                         text46       06FC
__ptext47                                         text47       06BE
__ptext48                                         text48       070B
__ptext49                                         text49       06CE
__ptext5                                          text5        05DF
__ptext50                                         text50       0779
__ptext6                                          text6        064E
__ptext7                                          text7        05FE
__ptext8                                          text8        0515
__ptext9                                          text9        0575
__size_of__i1fptable                              (abs)        0000
__sys_tick                                        bssBANK1     00A0
__tmr1_isr                                        bssBANK0     005D
__tmr2_isr                                        bssBANK0     005C
__usart_rx_isr                                    bssBANK0     005E
__zb_znp_cb                                       bssBANK0     0057
_button1_handler                                  text49       06CE
_button2_handler                                  text48       070B
_button3_handler                                  text47       06BE
_button_data                                      bssBANK0     0060
_button_init                                      text35       0798
_eeprom_read                                      text34       0663
_eeprom_write                                     text33       05BE
_ex_int_add_isr_handler                           text38       07B1
_ioc_rb4_add_isr_handler                          text37       076E
_ioc_rb5_add_isr_handler                          text36       0741
_last_cmd_rcv                                     bssBANK0     0050
_led_blink_handle                                 bssBANK0     0058
_led_button_init                                  text31       06ED
_led_ind_blink_start                              text28       0758
_led_ind_blink_stop                               text25       07BD
_led_ind_init                                     text22       078E
_led_ind_off                                      text27       07C1
_led_ind_on                                       text24       07C8
_led_ind_toggle                                   text46       06FC
_main                                             maintext     002C
_relay_node_addr                                  bssBANK0     0052
_sys_tick_get_tick                                text17       068A
_sys_tick_handler                                 text43       011C
_sys_tick_init                                    text20       061A
_sys_tick_register_callback_handler               text23       0447
_sys_tick_start_periodic                          text29       03EC
_sys_tick_stop                                    text26       054C
_timer1_add_isr_handler                           text21       0784
_usart_add_isr_handler                            text15       06DE
_usart_init                                       text14       0735
_usart_send                                       text12       07A9
_uxBits                                           bssBANK0     005F
_wait_for_msg                                     text11       074D
_wait_for_status                                  text10       071A
_xEventGroupClearBits                             text32       0763
_xEventGroupCreate                                text19       07C5
_xEventGroupGetBits                               text18       07B9
_xEventGroupSetBits                               text50       0779
_xEventGroupWaitBits                              text16       049C
_znp_af_data_request                              text2        0386
_znp_af_register                                  text9        0575
_znp_frame_parser                                 text41       027B
_znp_hard_reset                                   text6        064E
_znp_init                                         text13       0728
_znp_msg_handler                                  text42       01D0
_znp_recv_msg                                     bssBANK1     00B9
_znp_router_start                                 text3        059B
_znp_send_msg                                     text1        04DD
_znp_set_channels                                 text8        0515
_znp_set_logical_type                             text7        05FE
_znp_set_startopt                                 text5        05DF
_znp_state                                        bssBANK0     0056
_znp_usart_event_handler                          text40       0634
_znp_zdo_startup_from_app                         text4        0678
btemp                                             (abs)        007E
clear_ram0                                        clrtext      07A1
eeprom_read@addr                                  cstackBANK0  002B
eeprom_write@addr                                 cstackBANK0  002C
eeprom_write@value                                cstackBANK0  002A
end_of_initialization                             cinit        001C
ex_int_add_isr_handler@handler                    cstackBANK0  002B
fpbase                                            (abs)        0000
fptable                                           functab      001E
fptotal                                           (abs)        0000
i1___bmul                                         text44       06AD
i1___bmul@multiplicand                            cstackCOMMON 0070
i1___bmul@multiplier                              cstackCOMMON 0073
i1___bmul@product                                 cstackCOMMON 0072
i1fpbase                                          functab      0024
i1fptable                                         functab      001F
i1fptotal                                         (abs)        000E
interrupt_function                                intentry     0004
intlevel0                                         functab      001E
intlevel1                                         functab      001E
intlevel2                                         functab      001E
intlevel3                                         functab      001E
intlevel4                                         functab      001E
intlevel5                                         functab      001E
ioc_rb4_add_isr_handler@handler                   cstackBANK0  002B
ioc_rb5_add_isr_handler@handler                   cstackBANK0  002B
main@keepalive_tick                               cstackBANK0  004A
main@relay_node_lsb_addr                          cstackBANK0  004E
main@relay_node_msb_addr                          cstackBANK0  004F
reset_vec                                         reset_vec    0000
saved_w                                           (abs)        007E
start                                             init         0010
start_initialization                              cinit        0011
sys_tick_handler@i                                cstackBANK0  0020
sys_tick_register_callback_handler@_handler_index cstackBANK0  0031
sys_tick_register_callback_handler@cb             cstackBANK0  0030
sys_tick_start_periodic@handle                    cstackBANK0  0034
sys_tick_start_periodic@i                         cstackBANK0  0035
sys_tick_start_periodic@tick                      cstackBANK0  002E
sys_tick_stop@handle                              cstackBANK0  0030
sys_tick_stop@i                                   cstackBANK0  0031
timer1_add_isr_handler@handler                    cstackBANK0  002B
usart_add_isr_handler@handler                     cstackBANK0  002B
usart_send@c                                      cstackBANK0  002A
wait_for_msg@cmd                                  cstackBANK0  002A
wait_for_status@cmd                               cstackBANK0  002C
wait_for_status@offset                            cstackBANK0  002E
wait_for_status@status_to_wait                    cstackBANK0  002F
wtemp0                                            (abs)        007E
xEventGroupClearBits@uxBitsToClear                cstackBANK0  002B
xEventGroupSetBits@uxBitsToSet                    cstackCOMMON 0071
xEventGroupWaitBits@last_tick                     cstackBANK0  0036
xEventGroupWaitBits@ticks_to_wait                 cstackBANK0  002E
xEventGroupWaitBits@uxBitsToWaitFor               cstackBANK0  003A
znp_af_data_request@cluster_id                    cstackBANK0  0033
znp_af_data_request@data                          cstackBANK0  0035
znp_af_data_request@dst_addr                      cstackBANK0  0030
znp_af_data_request@endpoint                      cstackBANK0  0032
znp_af_data_request@fcs_calc                      cstackBANK0  003A
znp_af_data_request@i                             cstackBANK0  003B
znp_af_data_request@len                           cstackBANK0  0036
znp_af_data_request@wait_for_rsps                 cstackBANK0  0037
znp_af_register@endpoint                          cstackBANK0  0030
znp_frame_parser@ch                               cstackCOMMON 007B
znp_frame_parser@rcv_index                        bssBANK0     0054
znp_frame_parser@znp_fcs                          bssBANK0     0055
znp_init@callback                                 cstackBANK0  002D
znp_msg_handler@cmd                               cstackCOMMON 0072
znp_msg_handler@data                              cstackCOMMON 0074
znp_msg_handler@endpoint                          cstackCOMMON 0078
znp_msg_handler@len                               cstackCOMMON 0075
znp_router_start@start_opt                        cstackBANK0  0033
znp_send_msg@data                                 cstackBANK0  0044
znp_send_msg@dst_addr                             cstackBANK0  003C
znp_send_msg@endpoint                             cstackBANK0  003E
znp_send_msg@len                                  cstackBANK0  0045
znp_send_msg@wait_for_rsps                        cstackBANK0  003F
znp_set_startopt@startopt                         cstackBANK0  0030
znp_usart_event_handler@event_data                cstackCOMMON 007D
znp_usart_event_handler@rx_event                  cstackCOMMON 007C


MODULE INFORMATION

Module		Function		Class		Link	Load	Size
C:\Program Files\Microchip\xc8\v2.35\pic\sources\c90\pic\__eewrite.c
		_eeprom_write  		CODE           	05BE	0000	33

C:\Program Files\Microchip\xc8\v2.35\pic\sources\c90\pic\__eewrite.c estimated size: 33

it_handle.c
		_ISR           		CODE           	0318	0000	110
		_ioc_rb5_add_isr_handler		CODE           	0741	0000	12
		_timer1_add_isr_handler		CODE           	0784	0000	10
		_usart_add_isr_handler		CODE           	06DE	0000	15
		_ioc_rb4_add_isr_handler		CODE           	076E	0000	11
		_ex_int_add_isr_handler		CODE           	07B1	0000	8

it_handle.c estimated size: 166

C:\Program Files\Microchip\xc8\v2.35\pic\sources\c90\pic\__eeread.c
		_eeprom_read   		CODE           	0663	0000	21

C:\Program Files\Microchip\xc8\v2.35\pic\sources\c90\pic\__eeread.c estimated size: 21

usart.c
		_usart_send    		CODE           	07A9	0000	8
		_usart_init    		CODE           	0735	0000	12

usart.c estimated size: 20

C:\Program Files\Microchip\xc8\v2.35\pic\sources\c90\common\Umul8.c
		___bmul        		CODE           	069C	0000	17

C:\Program Files\Microchip\xc8\v2.35\pic\sources\c90\common\Umul8.c estimated size: 17

sys_tick.c
		_sys_tick_register_callback_handler		CODE           	0447	0000	85
		_sys_tick_init 		CODE           	061A	0000	26
		_sys_tick_stop 		CODE           	054C	0000	41
		_sys_tick_handler		CODE           	011C	0000	180
		_sys_tick_start_periodic		CODE           	03EC	0000	91
		_sys_tick_get_tick		CODE           	068A	0000	18

sys_tick.c estimated size: 441

zb_znp.c
		_znp_zdo_startup_from_app		CODE           	0678	0000	18
		_znp_router_start		CODE           	059B	0000	35
		_znp_set_channels		CODE           	0515	0000	55
		_znp_set_startopt		CODE           	05DF	0000	31
		_wait_for_status		CODE           	071A	0000	14
		_znp_frame_parser		CODE           	027B	0000	157
		_znp_af_register		CODE           	0575	0000	38
		_znp_set_logical_type		CODE           	05FE	0000	28
		_znp_usart_event_handler		CODE           	0634	0000	26
		_znp_af_data_request		CODE           	0386	0000	102
		_znp_hard_reset		CODE           	064E	0000	21
		_wait_for_msg  		CODE           	074D	0000	11
		_znp_init      		CODE           	0728	0000	13

zb_znp.c estimated size: 549

led_ind.c
		__blink_handler		CODE           	07CA	0000	2
		_led_ind_blink_start		CODE           	0758	0000	11
		_led_ind_blink_stop		CODE           	07BD	0000	4
		_led_ind_on    		CODE           	07C8	0000	2
		_led_ind_off   		CODE           	07C1	0000	4
		_led_ind_init  		CODE           	078E	0000	10
		_led_ind_toggle		CODE           	06FC	0000	15

led_ind.c estimated size: 48

shared
		__i1fptable    		ENTRY          	001F	0000	13
		__initialization		CODE           	0011	0000	11
		i1___bmul      		CODE           	06AD	0000	17

shared estimated size: 41

main.c
		_button3_handler		CODE           	06BE	0000	16
		_main          		CODE           	002C	0000	240
		_led_button_init		CODE           	06ED	0000	15
		_znp_msg_handler		CODE           	01D0	0000	171
		_button2_handler		CODE           	070B	0000	15
		_button1_handler		CODE           	06CE	0000	16
		_button_init   		CODE           	0798	0000	9
		_znp_send_msg  		CODE           	04DD	0000	56

main.c estimated size: 538

event_groups.c
		_xEventGroupGetBits		CODE           	07B9	0000	4
		_xEventGroupSetBits		CODE           	0779	0000	11
		_xEventGroupClearBits		CODE           	0763	0000	11
		_xEventGroupCreate		CODE           	07C5	0000	3
		_xEventGroupWaitBits		CODE           	049C	0000	65

event_groups.c estimated size: 94

