Microchip MPLAB XC8 Compiler V2.35

Linker command line:

-W-3 --edf=C:\Program Files\Microchip\xc8\v2.35\pic\dat\en_msgs.txt -cn \
  -h+dist/Config_2/production\zb_relay_ade.X.production.sym \
  --cmf=dist/Config_2/production\zb_relay_ade.X.production.cmf -z -Q16F887 \
  -oC:\Users\Admin\AppData\Local\Temp\xcAs484.4 --defsym=__MPLAB_BUILD=1 \
  -Mdist/Config_2/production/zb_relay_ade.X.production.map \
  --md=C:\Users\Admin\AppData\Local\Temp\xcAs484.dat -E1 -ver=XC8 Compiler \
  --acfsm=1493 -ACODE=00h-07FFhx4 -ASTRCODE=00h-01FFFh -ASTRING=00h-0FFhx32 \
  -ACONST=00h-0FFhx32 -AENTRY=00h-0FFhx32 -ACOMMON=070h-07Fh \
  -ABANK0=020h-06Fh -ABANK1=0A0h-0EFh -ABANK2=0110h-016Fh \
  -ABANK3=0190h-01EFh -ARAM=020h-06Fh,0A0h-0EFh,0110h-016Fh,0190h-01EFh \
  -AABS1=020h-07Fh,0A0h-0EFh,0110h-016Fh,0190h-01EFh -ASFR0=00h-01Fh \
  -ASFR1=080h-09Fh -ASFR2=0100h-010Fh -ASFR3=0180h-018Fh \
  -ACONFIG=02007h-02008h -DCONFIG=2 -AIDLOC=02000h-02003h -DIDLOC=2 \
  -AEEDATA=00h-0FFh/02100h -peeprom_data=EEDATA -DEEDATA=2 -DCODE=2 \
  -DSTRCODE=2 -DSTRING=2 -DCONST=2 -DENTRY=2 \
  -preset_vec=00h,intentry=04h,init,end_init -ppowerup=CODE -pcinit=CODE \
  -pfunctab=ENTRY -k C:\Users\Admin\AppData\Local\Temp\xcAs484.o \
  dist/Config_2/production\zb_relay_ade.X.production.o 

Object code version is 3.11

Machine type is 16F887



                Name                               Link     Load   Length Selector   Space Scale
C:\Users\Admin\AppData\Local\Temp\xcAs484.o
                end_init                             12       12        3        8       0
                reset_vec                             0        0        3        0       0
                config                             2007     2007        2        0       4
dist/Config_2/production\zb_relay_ade.X.production.o
                cinit                                15       15       30        8       0
                functab                              45       45       1C       8A       0
                intentry                              4        4        E        8       0
                config                             2007     2007        2        0       4
                text72                             1F7A     1F7A        D     3EF4       0
                text71                             1F20     1F20        5     3E40       0
                text70                             1F2F     1F2F        8     3E5E       0
                text69                             1097     1097       15     212E       0
                text68                             1FA2     1FA2        F     3F44       0
                text67                             1F14     1F14        4     3E28       0
                text66                             101E     101E       11     203C       0
                text65                              9B7      9B7       DC     136E       0
                text64                             132A     132A       46     2654       0
                text63                              858      858       AB     10B0       0
                text62                             1157     1157       1E     22AE       0
                text61                             15BB     15BB       82     2B76       0
                text60                             1F47     1F47        9     3E8E       0
                text59                             12A6     12A6       3F     254C       0
                text58                             102F     102F       11     205E       0
                text57                             12E5     12E5       45     25CA       0
                text56                             10AC     10AC       15     2158       0
                text55                             1120     1120       1B     2240       0
                text54                             1F50     1F50        9     3EA0       0
                text53                              A93      A93       DD     1526       0
                text52                              D6F      D6F      291     1ADE       0
                text51                              616      616      1A1       C2       0
                text50                             16CA     16CA       93     2D94       0
                text49                             11D4     11D4       23     23A8       0
                text48                               61       61      2F5       C2       0
                text47                             11B3     11B3       21     2366       0
                text46                             175D     175D       A3     2EBA       0
                text45                             1FC0     1FC0       10     3F80       0
                text44                             153D     153D       7E     2A7A       0
                text43                             1175     1175       1F     22EA       0
                text42                             1F94     1F94        E     3F28       0
                text41                             1FD0     1FD0       10     3FA0       0
                text40                              356      356      2C0       C2       0
                text39                             10ED     10ED       19     21DA       0
                text38                             1FE0     1FE0       10     3FC0       0
                text37                             1040     1040       11     2080       0
                text36                             1F6E     1F6E        C     3EDC       0
                text35                             1F25     1F25        5     3E4A       0
                text34                             1106     1106       1A     220C       0
                text33                             11F7     11F7       24     23EE       0
                text32                             14CE     14CE       6F     299C       0
                text31                             1F87     1F87        D     3F0E       0
                text30                             1F18     1F18        4     3E30       0
                text29                             1275     1275       31     24EA       0
                text28                             1F59     1F59        A     3EB2       0
                text27                             1F0F     1F0F        2     3E1E       0
                text26                             1463     1463       6B     28C6       0
                text25                             1FF0     1FF0       10     3FE0       0
                text24                             113B     113B       1C     2276       0
                text23                             1F2A     1F2A        5     3E54       0
                text22                              800      800        A     1000       0
                text21                             1194     1194       1F     2328       0
                text20                             1000     1000        E     1ADE       0
                text19                             1F11     1F11        3     3E22       0
                text18                             1F1C     1F1C        4     3E38       0
                text17                             1073     1073       12     20E6       0
                text16                              80A      80A       4E     1014       0
                text15                             1FB1     1FB1        F     3F62       0
                text14                             1051     1051       11     20A2       0
                text13                             10C1     10C1       15     2182       0
                text12                             1F37     1F37        8     3E6E       0
                text11                             1F63     1F63        B     3EC6       0
                text10                             1085     1085       12     210A       0
                text9                              1403     1403       60     2806       0
                text8                              163D     163D       8D     2C7A       0
                text7                               7B7      7B7       48       C2       0
                text6                              10D6     10D6       17     21AC       0
                text5                              13B6     13B6       4D     276C       0
                text4                              121B     121B       2C     2436       0
                text3                              1370     1370       46     26E0       0
                text2                               903      903       B4     1206       0
                text1                              1247     1247       2E     248E       0
                maintext                            B70      B70      1FF     16E0       0
                cstackBANK0                          20       20       3B       20       1
                cstackCOMMON                         70       70        E       70       1
                cstackBANK1                          A0       A0       47       A0       1
                cstackBANK3                         1DC      1DC        C      190       1
                clrtext                            1F3F     1F3F        8     3E7E       0
                inittext                           1062     1062       11     20C4       0
                bssBANK2                            110      110       1E      110       1
                dataBANK3                           1CC      1CC       10      190       1
                bssBANK3                            190      190       3C      190       1
                bssBANK1                             E7       E7        6       A0       1
                bssBANK0                             5B       5B        C       20       1
                idataBANK3                         100E     100E       10     201C       0

TOTAL           Name                               Link     Load   Length     Space
        CLASS   CODE           
                end_init                             12       12        3         0
                cinit                                15       15       30         0
                intentry                              4        4        E         0
                reset_vec                             0        0        3         0
                text72                             1F7A     1F7A        D         0
                text71                             1F20     1F20        5         0
                text70                             1F2F     1F2F        8         0
                text69                             1097     1097       15         0
                text68                             1FA2     1FA2        F         0
                text67                             1F14     1F14        4         0
                text66                             101E     101E       11         0
                text65                              9B7      9B7       DC         0
                text64                             132A     132A       46         0
                text63                              858      858       AB         0
                text62                             1157     1157       1E         0
                text61                             15BB     15BB       82         0
                text60                             1F47     1F47        9         0
                text59                             12A6     12A6       3F         0
                text58                             102F     102F       11         0
                text57                             12E5     12E5       45         0
                text56                             10AC     10AC       15         0
                text55                             1120     1120       1B         0
                text54                             1F50     1F50        9         0
                text53                              A93      A93       DD         0
                text52                              D6F      D6F      291         0
                text51                              616      616      1A1         0
                text50                             16CA     16CA       93         0
                text49                             11D4     11D4       23         0
                text48                               61       61      2F5         0
                text47                             11B3     11B3       21         0
                text46                             175D     175D       A3         0
                text45                             1FC0     1FC0       10         0
                text44                             153D     153D       7E         0
                text43                             1175     1175       1F         0
                text42                             1F94     1F94        E         0
                text41                             1FD0     1FD0       10         0
                text40                              356      356      2C0         0
                text39                             10ED     10ED       19         0
                text38                             1FE0     1FE0       10         0
                text37                             1040     1040       11         0
                text36                             1F6E     1F6E        C         0
                text35                             1F25     1F25        5         0
                text34                             1106     1106       1A         0
                text33                             11F7     11F7       24         0
                text32                             14CE     14CE       6F         0
                text31                             1F87     1F87        D         0
                text30                             1F18     1F18        4         0
                text29                             1275     1275       31         0
                text28                             1F59     1F59        A         0
                text27                             1F0F     1F0F        2         0
                text26                             1463     1463       6B         0
                text25                             1FF0     1FF0       10         0
                text24                             113B     113B       1C         0
                text23                             1F2A     1F2A        5         0
                text22                              800      800        A         0
                text21                             1194     1194       1F         0
                text20                             1000     1000        E         0
                text19                             1F11     1F11        3         0
                text18                             1F1C     1F1C        4         0
                text17                             1073     1073       12         0
                text16                              80A      80A       4E         0
                text15                             1FB1     1FB1        F         0
                text14                             1051     1051       11         0
                text13                             10C1     10C1       15         0
                text12                             1F37     1F37        8         0
                text11                             1F63     1F63        B         0
                text10                             1085     1085       12         0
                text9                              1403     1403       60         0
                text8                              163D     163D       8D         0
                text7                               7B7      7B7       48         0
                text6                              10D6     10D6       17         0
                text5                              13B6     13B6       4D         0
                text4                              121B     121B       2C         0
                text3                              1370     1370       46         0
                text2                               903      903       B4         0
                text1                              1247     1247       2E         0
                maintext                            B70      B70      1FF         0
                clrtext                            1F3F     1F3F        8         0
                inittext                           1062     1062       11         0
                idataBANK3                         100E     100E       10         0

        CLASS   STRCODE        

        CLASS   STRING         

        CLASS   CONST          

        CLASS   ENTRY          
                functab                              45       45       1C         0

        CLASS   COMMON         
                cstackCOMMON                         70       70        E         1

        CLASS   BANK0          
                cstackBANK0                          20       20       3B         1
                bssBANK0                             5B       5B        C         1

        CLASS   BANK1          
                cstackBANK1                          A0       A0       47         1
                bssBANK1                             E7       E7        6         1

        CLASS   BANK2          
                bssBANK2                            110      110       1E         1

        CLASS   BANK3          
                cstackBANK3                         1DC      1DC        C         1
                dataBANK3                           1CC      1CC       10         1
                bssBANK3                            190      190       3C         1

        CLASS   RAM            

        CLASS   ABS1           
                abs_s1                               7E       7E        2         1

        CLASS   SFR0           

        CLASS   SFR1           

        CLASS   SFR2           

        CLASS   SFR3           

        CLASS   CONFIG         
                config                             2007     2007        2         4

        CLASS   IDLOC          

        CLASS   EEDATA         

        CLASS   STACK          



SEGMENTS        Name                           Load    Length   Top    Selector   Space  Class     Delta

                reset_vec                      000000  000003  000003         0       0  CODE        2
                intentry                       000004  000041  000045         8       0  CODE        2
                cstackBANK0                    000020  000047  000067        20       1  BANK0       1
                cstackCOMMON                   000070  00000E  00007E        70       1  COMMON      1
                functab                        000045  00001C  000061        8A       0  ENTRY       2
                cstackBANK1                    0000A0  00004D  0000ED        A0       1  BANK1       1
                text48                         000061  00079E  0007FF        C2       0  CODE        2
                bssBANK2                       000110  00001E  00012E       110       1  BANK2       1
                bssBANK3                       000190  000058  0001E8       190       1  BANK3       1
                text22                         000800  00000A  00080A      1000       0  CODE        2
                text16                         00080A  00004E  000858      1014       0  CODE        2
                text63                         000858  0000AB  000903      10B0       0  CODE        2
                text2                          000903  0000B4  0009B7      1206       0  CODE        2
                text65                         0009B7  0000DC  000A93      136E       0  CODE        2
                text53                         000A93  0000DD  000B70      1526       0  CODE        2
                maintext                       000B70  0001FF  000D6F      16E0       0  CODE        2
                text52                         000D6F  00029F  00100E      1ADE       0  CODE        2
                idataBANK3                     00100E  000010  00101E      201C       0  CODE        2
                text66                         00101E  000011  00102F      203C       0  CODE        2
                text58                         00102F  000011  001040      205E       0  CODE        2
                text37                         001040  000011  001051      2080       0  CODE        2
                text14                         001051  000011  001062      20A2       0  CODE        2
                inittext                       001062  000011  001073      20C4       0  CODE        2
                text17                         001073  000012  001085      20E6       0  CODE        2
                text10                         001085  000012  001097      210A       0  CODE        2
                text69                         001097  000015  0010AC      212E       0  CODE        2
                text56                         0010AC  000015  0010C1      2158       0  CODE        2
                text13                         0010C1  000015  0010D6      2182       0  CODE        2
                text6                          0010D6  000017  0010ED      21AC       0  CODE        2
                text39                         0010ED  000019  001106      21DA       0  CODE        2
                text34                         001106  00001A  001120      220C       0  CODE        2
                text55                         001120  00001B  00113B      2240       0  CODE        2
                text24                         00113B  00001C  001157      2276       0  CODE        2
                text62                         001157  00001E  001175      22AE       0  CODE        2
                text43                         001175  00001F  001194      22EA       0  CODE        2
                text21                         001194  00001F  0011B3      2328       0  CODE        2
                text47                         0011B3  000021  0011D4      2366       0  CODE        2
                text49                         0011D4  000023  0011F7      23A8       0  CODE        2
                text33                         0011F7  000024  00121B      23EE       0  CODE        2
                text4                          00121B  00002C  001247      2436       0  CODE        2
                text1                          001247  00002E  001275      248E       0  CODE        2
                text29                         001275  000031  0012A6      24EA       0  CODE        2
                text59                         0012A6  00003F  0012E5      254C       0  CODE        2
                text57                         0012E5  000045  00132A      25CA       0  CODE        2
                text64                         00132A  000046  001370      2654       0  CODE        2
                text3                          001370  000046  0013B6      26E0       0  CODE        2
                text5                          0013B6  00004D  001403      276C       0  CODE        2
                text9                          001403  000060  001463      2806       0  CODE        2
                text26                         001463  00006B  0014CE      28C6       0  CODE        2
                text32                         0014CE  00006F  00153D      299C       0  CODE        2
                text44                         00153D  00007E  0015BB      2A7A       0  CODE        2
                text61                         0015BB  000082  00163D      2B76       0  CODE        2
                text8                          00163D  00008D  0016CA      2C7A       0  CODE        2
                text50                         0016CA  000093  00175D      2D94       0  CODE        2
                text46                         00175D  0000A3  001800      2EBA       0  CODE        2
                text27                         001F0F  000002  001F11      3E1E       0  CODE        2
                text19                         001F11  000003  001F14      3E22       0  CODE        2
                text67                         001F14  000004  001F18      3E28       0  CODE        2
                text30                         001F18  000004  001F1C      3E30       0  CODE        2
                text18                         001F1C  000004  001F20      3E38       0  CODE        2
                text71                         001F20  000005  001F25      3E40       0  CODE        2
                text35                         001F25  000005  001F2A      3E4A       0  CODE        2
                text23                         001F2A  000005  001F2F      3E54       0  CODE        2
                text70                         001F2F  000008  001F37      3E5E       0  CODE        2
                text12                         001F37  000008  001F3F      3E6E       0  CODE        2
                clrtext                        001F3F  000008  001F47      3E7E       0  CODE        2
                text60                         001F47  000009  001F50      3E8E       0  CODE        2
                text54                         001F50  000009  001F59      3EA0       0  CODE        2
                text28                         001F59  00000A  001F63      3EB2       0  CODE        2
                text11                         001F63  00000B  001F6E      3EC6       0  CODE        2
                text36                         001F6E  00000C  001F7A      3EDC       0  CODE        2
                text72                         001F7A  00000D  001F87      3EF4       0  CODE        2
                text31                         001F87  00000D  001F94      3F0E       0  CODE        2
                text42                         001F94  00000E  001FA2      3F28       0  CODE        2
                text68                         001FA2  00000F  001FB1      3F44       0  CODE        2
                text15                         001FB1  00000F  001FC0      3F62       0  CODE        2
                text45                         001FC0  000010  001FD0      3F80       0  CODE        2
                text41                         001FD0  000010  001FE0      3FA0       0  CODE        2
                text38                         001FE0  000010  001FF0      3FC0       0  CODE        2
                text25                         001FF0  000010  002000      3FE0       0  CODE        2


UNUSED ADDRESS RANGES

        Name                Unused          Largest block    Delta
        BANK0            0067-006F              9           1
        BANK1            00ED-00EF              3           1
        BANK2            012E-016F             42           1
        BANK3            01E8-01EF              8           1
        CODE             0003-0003              1           2
                         07FF-07FF              1
                         1800-1F0E            70F
        CONST            0003-0003              1           2
                         07FF-07FF              1
                         1800-1F0E            100
        EEDATA           2100-21FF            100           2
        ENTRY            0003-0003              1           2
                         07FF-07FF              1
                         1800-1F0E            100
        IDLOC            2000-2003              4           2
        RAM              0067-006F              9           1
                         00ED-00EF              3
                         012E-016F             42
                         01E8-01EF              8
        SFR0             0000-001F             20           1
        SFR1             0080-009F             20           1
        SFR2             0100-010F             10           1
        SFR3             0180-018F             10           1
        STRCODE          0003-0003              1           2
                         07FF-07FF              1
                         1800-1F0E            70F
        STRING           0003-0003              1           2
                         07FF-07FF              1
                         1800-1F0E            100

                                  Symbol Table

?__Umul8_16                                       cstackBANK0  0029
?___fladd                                         cstackBANK1  00BA
?___fldiv                                         cstackBANK1  00A0
?___flmul                                         cstackBANK0  003D
?___wmul                                          cstackBANK0  0029
?___xxtofl                                        cstackBANK0  002F
?_ade_get_IRMS                                    cstackBANK0  0038
?_ade_get_LAENERGY                                cstackBANK0  0049
?_ade_get_PERIOD                                  cstackBANK0  0038
?_ade_get_VRMS                                    cstackBANK0  0038
?_ade_read                                        cstackBANK0  002A
?_ade_signed_value                                cstackBANK0  0038
?_sys_tick_get_tick                               cstackBANK0  0029
ISR@c                                             cstackBANK0  0026
ISR@iocMask                                       cstackBANK0  0028
ISR@newPORTB                                      cstackBANK0  0027
ISR@tmpPORTB                                      dataBANK3    01CC
_ADCON1                                           (abs)        009F
_ANSEL                                            (abs)        0188
_ANSELH                                           (abs)        0189
_BAUDCTLbits                                      (abs)        0187
_EEADR                                            (abs)        010D
_EECON1                                           (abs)        018C
_EECON1bits                                       (abs)        018C
_EECON2                                           (abs)        018D
_EEDATA                                           (abs)        010C
_INTCONbits                                       (abs)        000B
_IOCB                                             (abs)        0096
_IOCBbits                                         (abs)        0096
_ISR                                              text61       15BB
_OPTION_REGbits                                   (abs)        0081
_OSCCONbits                                       (abs)        008F
_PIE1bits                                         (abs)        008C
_PIR1bits                                         (abs)        000C
_PORTB                                            (abs)        0006
_PORTBbits                                        (abs)        0006
_PORTDbits                                        (abs)        0008
_RCREG                                            (abs)        001A
_RCSTAbits                                        (abs)        0018
_SPBRG                                            (abs)        0099
_SSPBUF                                           (abs)        0013
_SSPCONbits                                       (abs)        0014
_SSPSTATbits                                      (abs)        0094
_STATUSbits                                       (abs)        0003
_T1CONbits                                        (abs)        0010
_TMR0                                             (abs)        0001
_TMR1                                             (abs)        000E
_TRISB                                            (abs)        0086
_TRISBbits                                        (abs)        0086
_TRISCbits                                        (abs)        0087
_TRISDbits                                        (abs)        0088
_TXREG                                            (abs)        0019
_TXSTAbits                                        (abs)        0098
__Habs1                                           abs1         00C2
__Hbank0                                          bank0        00C2
__Hbank1                                          bank1        00C2
__Hbank2                                          bank2        00C2
__Hbank3                                          bank3        00C2
__HbssBANK0                                       bssBANK0     00C2
__HbssBANK1                                       bssBANK1     00C2
__HbssBANK2                                       bssBANK2     00C2
__HbssBANK3                                       bssBANK3     00C2
__Hcinit                                          cinit        0045
__Hclrtext                                        clrtext      00C2
__Hcode                                           code         00C2
__Hcommon                                         common       00C2
__Hconfig                                         config       2009
__HcstackBANK0                                    cstackBANK0  00C2
__HcstackBANK1                                    cstackBANK1  00C2
__HcstackBANK3                                    cstackBANK3  00C2
__HcstackCOMMON                                   cstackCOMMON 00C2
__HdataBANK3                                      dataBANK3    00C2
__Heeprom_data                                    eeprom_data  0000
__Hend_init                                       end_init     0015
__Hfunctab                                        functab      0061
__HidataBANK3                                     idataBANK3   00C2
__Hinit                                           init         0012
__Hinittext                                       inittext     00C2
__Hintentry                                       intentry     0012
__Hmaintext                                       maintext     00C2
__Hpowerup                                        powerup      0000
__Hram                                            ram          00C2
__Hreset_vec                                      reset_vec    0003
__Hsfr0                                           sfr0         00C2
__Hsfr1                                           sfr1         00C2
__Hsfr2                                           sfr2         00C2
__Hsfr3                                           sfr3         00C2
__Hspace_0                                        (abs)        2000
__Hspace_1                                        (abs)        01E8
__Hspace_2                                        (abs)        00C2
__Hspace_3                                        (abs)        0000
__Hspace_4                                        (abs)        4010
__Hstack                                          stack        00C2
__Hstrings                                        strings      00C2
__Htext                                           text         00C2
__Labs1                                           abs1         00C2
__Lbank0                                          bank0        00C2
__Lbank1                                          bank1        00C2
__Lbank2                                          bank2        00C2
__Lbank3                                          bank3        00C2
__LbssBANK0                                       bssBANK0     00C2
__LbssBANK1                                       bssBANK1     00C2
__LbssBANK2                                       bssBANK2     00C2
__LbssBANK3                                       bssBANK3     00C2
__Lcinit                                          cinit        0015
__Lclrtext                                        clrtext      00C2
__Lcode                                           code         00C2
__Lcommon                                         common       00C2
__Lconfig                                         config       0000
__LcstackBANK0                                    cstackBANK0  00C2
__LcstackBANK1                                    cstackBANK1  00C2
__LcstackBANK3                                    cstackBANK3  00C2
__LcstackCOMMON                                   cstackCOMMON 00C2
__LdataBANK3                                      dataBANK3    00C2
__Leeprom_data                                    eeprom_data  0000
__Lend_init                                       end_init     0012
__Lfunctab                                        functab      0045
__LidataBANK3                                     idataBANK3   00C2
__Linit                                           init         0012
__Linittext                                       inittext     00C2
__Lintentry                                       intentry     0004
__Lmaintext                                       maintext     00C2
__Lpowerup                                        powerup      0000
__Lram                                            ram          00C2
__Lreset_vec                                      reset_vec    0000
__Lsfr0                                           sfr0         00C2
__Lsfr1                                           sfr1         00C2
__Lsfr2                                           sfr2         00C2
__Lsfr3                                           sfr3         00C2
__Lspace_0                                        (abs)        0000
__Lspace_1                                        (abs)        0000
__Lspace_2                                        (abs)        0000
__Lspace_3                                        (abs)        0000
__Lspace_4                                        (abs)        0000
__Lstack                                          stack        00C2
__Lstrings                                        strings      00C2
__Ltext                                           text         00C2
__S0                                              (abs)        2000
__S1                                              (abs)        01E8
__S3                                              (abs)        0000
__Umul8_16                                        text49       11D4
__Umul8_16@multiplicand                           cstackBANK0  0029
__Umul8_16@multiplier                             cstackBANK0  0031
__Umul8_16@product                                cstackBANK0  002D
__Umul8_16@word_mpld                              cstackBANK0  002F
___bmul                                           text58       102F
___bmul@multiplicand                              cstackBANK0  0029
___bmul@multiplier                                cstackBANK0  002C
___bmul@product                                   cstackBANK0  002B
___fladd                                          text52       0D6F
___fladd@a                                        cstackBANK1  00BE
___fladd@aexp                                     cstackBANK0  0058
___fladd@b                                        cstackBANK1  00BA
___fladd@bexp                                     cstackBANK0  0059
___fladd@grs                                      cstackBANK0  005A
___fladd@signs                                    cstackBANK0  0057
___fldiv                                          text51       0616
___fldiv@a                                        cstackBANK1  00A0
___fldiv@aexp                                     cstackBANK1  00B9
___fldiv@b                                        cstackBANK1  00A4
___fldiv@bexp                                     cstackBANK1  00B8
___fldiv@grs                                      cstackBANK1  00B4
___fldiv@new_exp                                  cstackBANK1  00B2
___fldiv@rem                                      cstackBANK1  00AD
___fldiv@sign                                     cstackBANK1  00B1
___flge                                           text50       16CA
___flge@ff1                                       cstackBANK0  0029
___flge@ff2                                       cstackBANK0  002D
___flmul                                          text48       0061
___flmul@a                                        cstackBANK0  0041
___flmul@aexp                                     cstackBANK0  004B
___flmul@b                                        cstackBANK0  003D
___flmul@bexp                                     cstackBANK0  004C
___flmul@grs                                      cstackBANK0  004D
___flmul@prod                                     cstackBANK0  0051
___flmul@sign                                     cstackBANK0  004A
___flmul@temp                                     cstackBANK0  0055
___int_sp                                         stack        00C2
___latbits                                        (abs)        0002
___sp                                             stack        00C2
___stackhi                                        (abs)        0000
___stacklo                                        (abs)        0000
___wmul                                           text47       11B3
___wmul@multiplicand                              cstackBANK0  002B
___wmul@multiplier                                cstackBANK0  0029
___wmul@product                                   cstackBANK0  002D
___xxtofl                                         text46       175D
___xxtofl@arg                                     cstackBANK0  0039
___xxtofl@exp                                     cstackBANK0  0038
___xxtofl@sign                                    cstackBANK0  0037
___xxtofl@val                                     cstackBANK0  002F
__ade_zx_cb                                       bssBANK0     0066
__end_of_ISR                                      text61       163D
__end_of__Umul8_16                                text49       11F7
__end_of___bmul                                   text58       1040
__end_of___fladd                                  text52       1000
__end_of___fldiv                                  text51       07B7
__end_of___flge                                   text50       175D
__end_of___flmul                                  text48       0356
__end_of___wmul                                   text47       11D4
__end_of___xxtofl                                 text46       1800
__end_of__i1fptable                               functab      0061
__end_of__initialization                          cinit        0041
__end_of_ade_config                               text53       0B70
__end_of_ade_get_IRMS                             text45       1FD0
__end_of_ade_get_LAENERGY                         text43       1194
__end_of_ade_get_PERIOD                           text42       1FA2
__end_of_ade_get_VRMS                             text41       1FE0
__end_of_ade_get_power_meter_data                 text40       0616
__end_of_ade_init                                 text37       1051
__end_of_ade_read                                 text59       12E5
__end_of_ade_reset                                text39       1106
__end_of_ade_set_GAIN                             text56       10C1
__end_of_ade_set_LINECYC                          text55       113B
__end_of_ade_signed_value                         text44       15BB
__end_of_ade_write                                text57       132A
__end_of_ade_zx_cb_handler                        text71       1F25
__end_of_ade_zx_handler                           text70       1F37
__end_of_button_handler                           text69       10AC
__end_of_button_init                              text35       1F2A
__end_of_eeprom_read                              text34       1120
__end_of_eeprom_write                             text33       121B
__end_of_ex_int_add_isr_handler                   text54       1F59
__end_of_ioc_rb1_add_isr_handler                  text36       1F7A
__end_of_led_ind_blink_handler                    text67       1F18
__end_of_led_ind_blink_start                      text31       1F94
__end_of_led_ind_blink_stop                       text28       1F63
__end_of_led_ind_init                             text25       2000
__end_of_led_ind_off                              text30       1F1C
__end_of_led_ind_on                               text27       1F11
__end_of_led_ind_toggle                           text68       1FB1
__end_of_main                                     maintext     0D6F
__end_of_memset                                   text24       1157
__end_of_relay_init                               text23       1F2F
__end_of_spi_master_init                          text38       1FF0
__end_of_spi_transfer                             text60       1F50
__end_of_sys_tick_get_tick                        text17       1085
__end_of_sys_tick_handler                         text65       0A93
__end_of_sys_tick_init                            text21       11B3
__end_of_sys_tick_register_callback_handler       text26       14CE
__end_of_sys_tick_start_periodic                  text32       153D
__end_of_sys_tick_stop                            text29       12A6
__end_of_timer1_add_isr_handler                   text22       080A
__end_of_usart_add_isr_handler                    text15       1FC0
__end_of_usart_init                               text14       1062
__end_of_usart_send                               text12       1F3F
__end_of_wait_for_msg                             text11       1F6E
__end_of_wait_for_status                          text10       1097
__end_of_xEventGroupClearBits                     text20       100E
__end_of_xEventGroupCreate                        text19       1F14
__end_of_xEventGroupGetBits                       text18       1F20
__end_of_xEventGroupSetBits                       text72       1F87
__end_of_xEventGroupWaitBits                      text16       0858
__end_of_znp_af_data_request                      text2        09B7
__end_of_znp_af_register                          text9        1463
__end_of_znp_frame_parser                         text63       0903
__end_of_znp_hard_reset                           text6        10ED
__end_of_znp_init                                 text13       10D6
__end_of_znp_msg_handler                          text64       1370
__end_of_znp_router_start                         text3        13B6
__end_of_znp_send_msg                             text1        1275
__end_of_znp_set_channels                         text8        16CA
__end_of_znp_set_logical_type                     text7        07FF
__end_of_znp_set_startopt                         text5        1403
__end_of_znp_usart_event_handler                  text62       1175
__end_of_znp_zdo_startup_from_app                 text4        1247
__end_ofi1___bmul                                 text66       102F
__ex_int_isr                                      bssBANK0     0062
__i1fptable                                       functab      0046
__initialization                                  cinit        0015
__ioc_rb1_isr                                     bssBANK0     0061
__ioc_rb2_isr                                     bssBANK0     0060
__ioc_rb3_isr                                     bssBANK1     00EB
__ioc_rb4_isr                                     bssBANK1     00EA
__ioc_rb5_isr                                     bssBANK1     00E9
__ioc_rb6_isr                                     bssBANK1     00E8
__ioc_rb7_isr                                     bssBANK3     01BE
__is_reversed                                     bssBANK1     00EC
__linecyc                                         bssBANK3     01B7
__pbssBANK0                                       bssBANK0     005B
__pbssBANK1                                       bssBANK1     00E7
__pbssBANK2                                       bssBANK2     0110
__pbssBANK3                                       bssBANK3     0190
__pcstackBANK0                                    cstackBANK0  0020
__pcstackBANK1                                    cstackBANK1  00A0
__pcstackBANK3                                    cstackBANK3  01DC
__pcstackCOMMON                                   cstackCOMMON 0070
__pdataBANK3                                      dataBANK3    01CC
__pfunctab                                        functab      0045
__pidataBANK3                                     idataBANK3   100E
__pintentry                                       intentry     0004
__pmaintext                                       maintext     0B70
__ptext1                                          text1        1247
__ptext10                                         text10       1085
__ptext11                                         text11       1F63
__ptext12                                         text12       1F37
__ptext13                                         text13       10C1
__ptext14                                         text14       1051
__ptext15                                         text15       1FB1
__ptext16                                         text16       080A
__ptext17                                         text17       1073
__ptext18                                         text18       1F1C
__ptext19                                         text19       1F11
__ptext2                                          text2        0903
__ptext20                                         text20       1000
__ptext21                                         text21       1194
__ptext22                                         text22       0800
__ptext23                                         text23       1F2A
__ptext24                                         text24       113B
__ptext25                                         text25       1FF0
__ptext26                                         text26       1463
__ptext27                                         text27       1F0F
__ptext28                                         text28       1F59
__ptext29                                         text29       1275
__ptext3                                          text3        1370
__ptext30                                         text30       1F18
__ptext31                                         text31       1F87
__ptext32                                         text32       14CE
__ptext33                                         text33       11F7
__ptext34                                         text34       1106
__ptext35                                         text35       1F25
__ptext36                                         text36       1F6E
__ptext37                                         text37       1040
__ptext38                                         text38       1FE0
__ptext39                                         text39       10ED
__ptext4                                          text4        121B
__ptext40                                         text40       0356
__ptext41                                         text41       1FD0
__ptext42                                         text42       1F94
__ptext43                                         text43       1175
__ptext44                                         text44       153D
__ptext45                                         text45       1FC0
__ptext46                                         text46       175D
__ptext47                                         text47       11B3
__ptext48                                         text48       0061
__ptext49                                         text49       11D4
__ptext5                                          text5        13B6
__ptext50                                         text50       16CA
__ptext51                                         text51       0616
__ptext52                                         text52       0D6F
__ptext53                                         text53       0A93
__ptext54                                         text54       1F50
__ptext55                                         text55       1120
__ptext56                                         text56       10AC
__ptext57                                         text57       12E5
__ptext58                                         text58       102F
__ptext59                                         text59       12A6
__ptext6                                          text6        10D6
__ptext60                                         text60       1F47
__ptext61                                         text61       15BB
__ptext62                                         text62       1157
__ptext63                                         text63       0858
__ptext64                                         text64       132A
__ptext65                                         text65       09B7
__ptext66                                         text66       101E
__ptext67                                         text67       1F14
__ptext68                                         text68       1FA2
__ptext69                                         text69       1097
__ptext7                                          text7        07B7
__ptext70                                         text70       1F2F
__ptext71                                         text71       1F20
__ptext72                                         text72       1F7A
__ptext8                                          text8        163D
__ptext9                                          text9        1403
__size_of__i1fptable                              (abs)        0000
__sys_tick                                        bssBANK3     0190
__tmr1_isr                                        bssBANK0     0064
__tmr2_isr                                        bssBANK0     0063
__usart_rx_isr                                    bssBANK0     0065
__zb_znp_cb                                       bssBANK3     01BD
_ade_cfg                                          dataBANK3    01CD
_ade_config                                       text53       0A93
_ade_get_IRMS                                     text45       1FC0
_ade_get_LAENERGY                                 text43       1175
_ade_get_PERIOD                                   text42       1F94
_ade_get_VRMS                                     text41       1FD0
_ade_get_power_meter_data                         text40       0356
_ade_get_power_meter_data$354                     cstackBANK1  00D4
_ade_get_power_meter_data$357                     cstackBANK1  00D8
_ade_get_power_meter_data$358                     cstackBANK1  00DF
_ade_init                                         text37       1040
_ade_read                                         text59       12A6
_ade_reset                                        text39       10ED
_ade_set_GAIN                                     text56       10AC
_ade_set_LINECYC                                  text55       1120
_ade_signed_value                                 text44       153D
_ade_write                                        text57       12E5
_ade_zx_cb_handler                                text71       1F20
_ade_zx_handler                                   text70       1F2F
_button_handler                                   text69       1097
_button_init                                      text35       1F25
_dev_data                                         bssBANK3     01BF
_eeprom_read                                      text34       1106
_eeprom_write                                     text33       11F7
_ex_int_add_isr_handler                           text54       1F50
_ioc_rb1_add_isr_handler                          text36       1F6E
_last_cmd_rcv                                     bssBANK0     005B
_led_blink_handle                                 bssBANK0     005F
_led_ind_blink_handler                            text67       1F14
_led_ind_blink_start                              text31       1F87
_led_ind_blink_stop                               text28       1F59
_led_ind_init                                     text25       1FF0
_led_ind_off                                      text30       1F18
_led_ind_on                                       text27       1F0F
_led_ind_toggle                                   text68       1FA2
_main                                             maintext     0B70
_memset                                           text24       113B
_relay_init                                       text23       1F2A
_spi_master_init                                  text38       1FE0
_spi_transfer                                     text60       1F47
_sys_tick_get_tick                                text17       1073
_sys_tick_handler                                 text65       09B7
_sys_tick_init                                    text21       1194
_sys_tick_register_callback_handler               text26       1463
_sys_tick_start_periodic                          text32       14CE
_sys_tick_stop                                    text29       1275
_timer1_add_isr_handler                           text22       0800
_usart_add_isr_handler                            text15       1FB1
_usart_init                                       text14       1051
_usart_send                                       text12       1F37
_uxBits                                           bssBANK1     00E7
_wait_for_msg                                     text11       1F63
_wait_for_status                                  text10       1085
_xEventGroupClearBits                             text20       1000
_xEventGroupCreate                                text19       1F11
_xEventGroupGetBits                               text18       1F1C
_xEventGroupSetBits                               text72       1F7A
_xEventGroupWaitBits                              text16       080A
_znp_af_data_request                              text2        0903
_znp_af_register                                  text9        1403
_znp_cmd0                                         bssBANK3     01BB
_znp_cmd1                                         bssBANK3     01BA
_znp_data_rcv                                     bssBANK2     0110
_znp_data_rcv_index                               bssBANK0     005D
_znp_fcs                                          bssBANK3     01B9
_znp_frame_parser                                 text63       0858
_znp_hard_reset                                   text6        10D6
_znp_init                                         text13       10C1
_znp_len                                          bssBANK0     005E
_znp_msg_handler                                  text64       132A
_znp_router_start                                 text3        1370
_znp_send_msg                                     text1        1247
_znp_set_channels                                 text8        163D
_znp_set_logical_type                             text7        07B7
_znp_set_startopt                                 text5        13B6
_znp_state                                        bssBANK3     01BC
_znp_usart_event_handler                          text62       1157
_znp_zdo_startup_from_app                         text4        121B
ade_config@config                                 cstackBANK0  0045
ade_get_power_meter_data@accumulation_times       cstackBANK1  00CE
ade_get_power_meter_data@irms                     cstackBANK1  00DC
ade_get_power_meter_data@laenergy                 cstackBANK1  00E4
ade_get_power_meter_data@line_periods             cstackBANK1  00CA
ade_get_power_meter_data@pData                    cstackBANK1  00E6
ade_get_power_meter_data@period                   cstackBANK1  00D2
ade_get_power_meter_data@vrms                     cstackBANK1  00E1
ade_read@addr                                     cstackBANK0  0032
ade_read@bytes_to_read                            cstackBANK0  002A
ade_read@data                                     cstackBANK0  0033
ade_read@i                                        cstackBANK0  0037
ade_set_GAIN@gain_config                          cstackBANK0  0040
ade_set_LINECYC@linecyc                           cstackBANK0  003C
ade_signed_value@bits                             cstackBANK0  003C
ade_signed_value@i                                cstackBANK0  0048
ade_signed_value@value                            cstackBANK0  0038
ade_write@addr                                    cstackBANK0  0039
ade_write@bytes_to_write                          cstackBANK0  0031
ade_write@data                                    cstackBANK0  003A
ade_write@i                                       cstackBANK0  003B
ade_write@write_buf                               cstackBANK0  002D
btemp                                             (abs)        007E
clear_ram0                                        clrtext      1F3F
eeprom_read@addr                                  cstackBANK0  002A
eeprom_write@addr                                 cstackBANK0  002B
eeprom_write@value                                cstackBANK0  0029
end_of_initialization                             cinit        0041
ex_int_add_isr_handler@handler                    cstackBANK0  002A
fpbase                                            (abs)        0000
fptable                                           functab      0045
fptotal                                           (abs)        0000
i1___bmul                                         text66       101E
i1___bmul@multiplicand                            cstackCOMMON 0070
i1___bmul@multiplier                              cstackCOMMON 0073
i1___bmul@product                                 cstackCOMMON 0072
i1fpbase                                          functab      004B
i1fptable                                         functab      0046
i1fptotal                                         (abs)        000E
init_fetch0                                       inittext     1062
init_ram0                                         inittext     1066
interrupt_function                                intentry     0004
intlevel0                                         functab      0045
intlevel1                                         functab      0045
intlevel2                                         functab      0045
intlevel3                                         functab      0045
intlevel4                                         functab      0045
intlevel5                                         functab      0045
ioc_rb1_add_isr_handler@handler                   cstackBANK0  002A
main@ade_data_tick                                cstackBANK3  01E4
main@keepalive_tick                               cstackBANK3  01E0
memset@c                                          cstackBANK0  0029
memset@n                                          cstackBANK0  002B
memset@p                                          cstackBANK0  002F
memset@p1                                         cstackBANK0  002E
reset_vec                                         reset_vec    0000
saved_w                                           (abs)        007E
spi_transfer@data                                 cstackBANK0  0029
start                                             init         0012
start_initialization                              cinit        0015
sys_tick_handler@i                                cstackBANK0  0020
sys_tick_register_callback_handler@_handler_index cstackBANK0  0030
sys_tick_register_callback_handler@cb             cstackBANK0  002F
sys_tick_start_periodic@handle                    cstackBANK0  0033
sys_tick_start_periodic@i                         cstackBANK0  0034
sys_tick_start_periodic@tick                      cstackBANK0  002D
sys_tick_stop@handle                              cstackBANK0  002F
sys_tick_stop@i                                   cstackBANK0  0030
timer1_add_isr_handler@handler                    cstackBANK0  002A
usart_add_isr_handler@handler                     cstackBANK0  002A
usart_send@c                                      cstackBANK0  0029
wait_for_msg@cmd                                  cstackBANK0  0029
wait_for_status@cmd                               cstackBANK0  002B
wait_for_status@offset                            cstackBANK0  002D
wait_for_status@status_to_wait                    cstackBANK0  002E
wtemp0                                            (abs)        007E
xEventGroupClearBits@uxBitsToClear                cstackBANK0  002A
xEventGroupSetBits@uxBitsToSet                    cstackCOMMON 0071
xEventGroupWaitBits@last_tick                     cstackBANK0  0035
xEventGroupWaitBits@ticks_to_wait                 cstackBANK0  002D
xEventGroupWaitBits@uxBitsToWaitFor               cstackBANK0  0039
znp_af_data_request@cluster_id                    cstackBANK0  002F
znp_af_data_request@data                          cstackBANK0  0031
znp_af_data_request@endpoint                      cstackBANK0  0036
znp_af_data_request@fcs_calc                      cstackBANK0  0039
znp_af_data_request@i                             cstackBANK0  0037
znp_af_data_request@i_1601                        cstackBANK0  0038
znp_af_data_request@len                           cstackBANK0  0032
znp_af_data_request@wait_for_rsps                 cstackBANK0  0033
znp_af_register@endpoint                          cstackBANK0  002F
znp_frame_parser@ch                               cstackCOMMON 0079
znp_init@callback                                 cstackBANK0  002C
znp_msg_handler@cmd                               cstackCOMMON 0072
znp_msg_handler@data                              cstackCOMMON 0074
znp_msg_handler@len                               cstackCOMMON 0075
znp_router_start@start_opt                        cstackBANK0  0032
znp_send_msg@data                                 cstackBANK0  003E
znp_send_msg@endpoint                             cstackBANK0  0040
znp_send_msg@len                                  cstackBANK0  003F
znp_send_msg@wait_for_rsps                        cstackBANK0  003A
znp_set_logical_type@logical_type                 cstackBANK0  002F
znp_set_startopt@startopt                         cstackBANK0  002F
znp_usart_event_handler@event_data                cstackCOMMON 007B
znp_usart_event_handler@rx_event                  cstackCOMMON 007A


MODULE INFORMATION

Module		Function		Class		Link	Load	Size
C:\Program Files\Microchip\xc8\v2.35\pic\sources\c90\pic\__eewrite.c
		_eeprom_write  		CODE           	11F7	0000	36

C:\Program Files\Microchip\xc8\v2.35\pic\sources\c90\pic\__eewrite.c estimated size: 36

it_handle.c
		_ISR           		CODE           	15BB	0000	130
		_ioc_rb1_add_isr_handler		CODE           	1F6E	0000	12
		_timer1_add_isr_handler		CODE           	0800	0000	10
		_usart_add_isr_handler		CODE           	1FB1	0000	15
		_ex_int_add_isr_handler		CODE           	1F50	0000	9

it_handle.c estimated size: 176

ade7753.c
		_ade_get_power_meter_data		CODE           	0356	0000	704
		_ade_get_IRMS  		CODE           	1FC0	0000	16
		_ade_get_VRMS  		CODE           	1FD0	0000	16
		_ade_set_GAIN  		CODE           	10AC	0000	21
		_ade_get_PERIOD		CODE           	1F94	0000	14
		_ade_reset     		CODE           	10ED	0000	25
		_ade_set_LINECYC		CODE           	1120	0000	27
		_ade_signed_value		CODE           	153D	0000	126
		_ade_config    		CODE           	0A93	0000	221
		_ade_zx_handler		CODE           	1F2F	0000	8
		_ade_write     		CODE           	12E5	0000	69
		_ade_read      		CODE           	12A6	0000	63
		_ade_get_LAENERGY		CODE           	1175	0000	31
		_ade_init      		CODE           	1040	0000	17

ade7753.c estimated size: 1358

C:\Program Files\Microchip\xc8\v2.35\pic\sources\c90\common\xxtofl.c
		___xxtofl      		CODE           	175D	0000	163

C:\Program Files\Microchip\xc8\v2.35\pic\sources\c90\common\xxtofl.c estimated size: 163

C:\Program Files\Microchip\xc8\v2.35\pic\sources\c90\pic\__eeread.c
		_eeprom_read   		CODE           	1106	0000	26

C:\Program Files\Microchip\xc8\v2.35\pic\sources\c90\pic\__eeread.c estimated size: 26

usart.c
		_usart_send    		CODE           	1F37	0000	8
		_usart_init    		CODE           	1051	0000	17

usart.c estimated size: 25

C:\Program Files\Microchip\xc8\v2.35\pic\sources\c90\common\memset.c
		_memset        		CODE           	113B	0000	28

C:\Program Files\Microchip\xc8\v2.35\pic\sources\c90\common\memset.c estimated size: 28

C:\Program Files\Microchip\xc8\v2.35\pic\sources\c90\common\Umul8.c
		___bmul        		CODE           	102F	0000	17

C:\Program Files\Microchip\xc8\v2.35\pic\sources\c90\common\Umul8.c estimated size: 17

sys_tick.c
		_sys_tick_register_callback_handler		CODE           	1463	0000	107
		_sys_tick_init 		CODE           	1194	0000	31
		_sys_tick_stop 		CODE           	1275	0000	49
		_sys_tick_handler		CODE           	09B7	0000	220
		_sys_tick_start_periodic		CODE           	14CE	0000	111
		_sys_tick_get_tick		CODE           	1073	0000	18

sys_tick.c estimated size: 536

zb_znp.c
		_znp_zdo_startup_from_app		CODE           	121B	0000	44
		_znp_router_start		CODE           	1370	0000	70
		_znp_set_channels		CODE           	163D	0000	141
		_znp_set_startopt		CODE           	13B6	0000	77
		_wait_for_status		CODE           	1085	0000	18
		_znp_frame_parser		CODE           	0858	0000	171
		_znp_af_register		CODE           	1403	0000	96
		_znp_set_logical_type		CODE           	07B7	0000	72
		_znp_usart_event_handler		CODE           	1157	0000	30
		_znp_af_data_request		CODE           	0903	0000	180
		_znp_hard_reset		CODE           	10D6	0000	23
		_wait_for_msg  		CODE           	1F63	0000	11
		_znp_init      		CODE           	10C1	0000	21

zb_znp.c estimated size: 954

C:\Program Files\Microchip\xc8\v2.35\pic\sources\c90\common\sprcmul.c
		___flmul       		CODE           	0061	0000	757

C:\Program Files\Microchip\xc8\v2.35\pic\sources\c90\common\sprcmul.c estimated size: 757

C:\Program Files\Microchip\xc8\v2.35\pic\sources\c90\common\sprcdiv.c
		___fldiv       		CODE           	0616	0000	417

C:\Program Files\Microchip\xc8\v2.35\pic\sources\c90\common\sprcdiv.c estimated size: 417

led_ind.c
		_led_ind_blink_start		CODE           	1F87	0000	13
		_led_ind_blink_stop		CODE           	1F59	0000	10
		_led_ind_on    		CODE           	1F0F	0000	2
		_led_ind_off   		CODE           	1F18	0000	4
		_led_ind_init  		CODE           	1FF0	0000	16
		_led_ind_toggle		CODE           	1FA2	0000	15
		_led_ind_blink_handler		CODE           	1F14	0000	4

led_ind.c estimated size: 64

spi.c
		_spi_master_init		CODE           	1FE0	0000	16
		_spi_transfer  		CODE           	1F47	0000	9

spi.c estimated size: 25

shared
		__i1fptable    		ENTRY          	0046	0000	27
		__initialization		CODE           	0015	0000	44
		i1___bmul      		CODE           	101E	0000	17

shared estimated size: 88

C:\Program Files\Microchip\xc8\v2.35\pic\sources\c90\common\Umul16.c
		___wmul        		CODE           	11B3	0000	33

C:\Program Files\Microchip\xc8\v2.35\pic\sources\c90\common\Umul16.c estimated size: 33

C:\Program Files\Microchip\xc8\v2.35\pic\sources\c90\common\Umul8_16.c
		__Umul8_16     		CODE           	11D4	0000	35

C:\Program Files\Microchip\xc8\v2.35\pic\sources\c90\common\Umul8_16.c estimated size: 35

C:\Program Files\Microchip\xc8\v2.35\pic\sources\c90\common\flge.c
		___flge        		CODE           	16CA	0000	147

C:\Program Files\Microchip\xc8\v2.35\pic\sources\c90\common\flge.c estimated size: 147

main.c
		_button_handler		CODE           	1097	0000	21
		_relay_init    		CODE           	1F2A	0000	5
		_main          		CODE           	0B70	0000	511
		_znp_msg_handler		CODE           	132A	0000	70
		_ade_zx_cb_handler		CODE           	1F20	0000	5
		_button_init   		CODE           	1F25	0000	5
		_znp_send_msg  		CODE           	1247	0000	46

main.c estimated size: 663

C:\Program Files\Microchip\xc8\v2.35\pic\sources\c90\common\sprcadd.c
		___fladd       		CODE           	0D6F	0000	657

C:\Program Files\Microchip\xc8\v2.35\pic\sources\c90\common\sprcadd.c estimated size: 657

event_groups.c
		_xEventGroupGetBits		CODE           	1F1C	0000	4
		_xEventGroupSetBits		CODE           	1F7A	0000	13
		_xEventGroupClearBits		CODE           	1000	0000	14
		_xEventGroupCreate		CODE           	1F11	0000	3
		_xEventGroupWaitBits		CODE           	080A	0000	78

event_groups.c estimated size: 112

