Microchip MPLAB XC8 Compiler V2.35

Linker command line:

-W-3 --edf=C:\Program Files\Microchip\xc8\v2.35\pic\dat\en_msgs.txt -cn \
  -h+dist/Config_2/production\zb_relay.X.production.sym \
  --cmf=dist/Config_2/production\zb_relay.X.production.cmf -z -Q16F628A \
  -oC:\Users\Admin\AppData\Local\Temp\xcAskl0.4 --defsym=__MPLAB_BUILD=1 \
  -Mdist/Config_2/production/zb_relay.X.production.map \
  --md=C:\Users\Admin\AppData\Local\Temp\xcAskl0.dat -E1 -ver=XC8 Compiler \
  --acfsm=1493 -ACODE=00h-07FFh -ASTRCODE=00h-07FFh -ASTRING=00h-0FFhx8 \
  -ACONST=00h-0FFhx8 -AENTRY=00h-0FFhx8 -ACOMMON=070h-07Fh \
  -ABANK0=020h-06Fh -ABANK1=0A0h-0EFh -ABANK2=0120h-014Fh \
  -ARAM=020h-06Fh,0A0h-0EFh,0120h-014Fh \
  -AABS1=020h-07Fh,0A0h-0EFh,0120h-014Fh -ASFR0=00h-01Fh -ASFR1=080h-09Fh \
  -ASFR2=0100h-011Fh -ASFR3=0180h-01EFh -ACONFIG=02007h-02007h -DCONFIG=2 \
  -AIDLOC=02000h-02003h -DIDLOC=2 -AEEDATA=00h-07Fh/02100h \
  -peeprom_data=EEDATA -DEEDATA=2 -DCODE=2 -DSTRCODE=2 -DSTRING=2 -DCONST=2 \
  -DENTRY=2 -preset_vec=00h,intentry=04h,init,end_init -ppowerup=CODE \
  -pcinit=CODE -pfunctab=ENTRY -k \
  C:\Users\Admin\AppData\Local\Temp\xcAskl0.o \
  dist/Config_2/production\zb_relay.X.production.o 

Object code version is 3.11

Machine type is 16F628A



                Name                               Link     Load   Length Selector   Space Scale
C:\Users\Admin\AppData\Local\Temp\xcAskl0.o
                end_init                             10       10        1        8       0
                reset_vec                             0        0        1        0       0
                config                             2007     2007        1        0       4
dist/Config_2/production\zb_relay.X.production.o
                cinit                                11       11        D        8       0
                functab                              1E       1E        E       3C       0
                intentry                              4        4        C        8       0
                config                             2007     2007        1        0       4
                text50                              6F0      6F0        B       58       0
                text49                              61E      61E       12       58       0
                text48                              67F      67F        F       58       0
                text47                              69C      69C        E       58       0
                text46                              670      670        F       58       0
                text45                              74B      74B        2       58       0
                text44                              641      641       11       58       0
                text43                               2C       2C       B4       58       0
                text42                              304      304       63       58       0
                text41                              193      193       9D       58       0
                text40                              59D      59D       1A       58       0
                text39                              230      230       6E       58       0
                text38                              732      732        8       58       0
                text37                              6E5      6E5        B       58       0
                text36                              6C3      6C3        C       58       0
                text35                              719      719        9       58       0
                text34                              5E5      5E5       15       58       0
                text33                              541      541       21       58       0
                text32                              630      630       11       58       0
                text31                              367      367       5B       58       0
                text30                              6DA      6DA        B       58       0
                text29                              742      742        4       58       0
                text28                              4CF      4CF       29       58       0
                text27                              73E      73E        4       58       0
                text26                              749      749        2       58       0
                text25                              3C2      3C2       55       58       0
                text24                              70F      70F        A       58       0
                text23                              705      705        A       58       0
                text22                              661      661        F       58       0
                text21                              6FB      6FB        A       58       0
                text20                              5B7      5B7       19       58       0
                text19                              746      746        3       58       0
                text18                              73A      73A        4       58       0
                text17                              60C      60C       12       58       0
                text16                              417      417       41       58       0
                text15                              652      652        F       58       0
                text14                              6B7      6B7        C       58       0
                text13                              6AA      6AA        D       58       0
                text12                              72A      72A        8       58       0
                text11                              6CF      6CF        B       58       0
                text10                              68E      68E        E       58       0
                text9                               4F8      4F8       26       58       0
                text8                               498      498       37       58       0
                text7                               581      581       1C       58       0
                text6                               5D0      5D0       15       58       0
                text5                               562      562       1F       58       0
                text4                               5FA      5FA       12       58       0
                text3                               51E      51E       23       58       0
                text2                               29E      29E       66       58       0
                text1                               458      458       40       58       0
                maintext                             E0       E0       B3       58       0
                cstackBANK0                          20       20       2E       20       1
                cstackCOMMON                         70       70        E       70       1
                clrtext                             722      722        8       58       0
                bssBANK1                             A0       A0       3A       A0       1
                dataBANK0                            5E       5E        1       20       1
                bssBANK0                             4E       4E       10       20       1
                idataBANK0                          74D      74D        1       58       0

TOTAL           Name                               Link     Load   Length     Space
        CLASS   CODE           
                end_init                             10       10        1         0
                cinit                                11       11        D         0
                intentry                              4        4        C         0
                reset_vec                             0        0        1         0
                text50                              6F0      6F0        B         0
                text49                              61E      61E       12         0
                text48                              67F      67F        F         0
                text47                              69C      69C        E         0
                text46                              670      670        F         0
                text45                              74B      74B        2         0
                text44                              641      641       11         0
                text43                               2C       2C       B4         0
                text42                              304      304       63         0
                text41                              193      193       9D         0
                text40                              59D      59D       1A         0
                text39                              230      230       6E         0
                text38                              732      732        8         0
                text37                              6E5      6E5        B         0
                text36                              6C3      6C3        C         0
                text35                              719      719        9         0
                text34                              5E5      5E5       15         0
                text33                              541      541       21         0
                text32                              630      630       11         0
                text31                              367      367       5B         0
                text30                              6DA      6DA        B         0
                text29                              742      742        4         0
                text28                              4CF      4CF       29         0
                text27                              73E      73E        4         0
                text26                              749      749        2         0
                text25                              3C2      3C2       55         0
                text24                              70F      70F        A         0
                text23                              705      705        A         0
                text22                              661      661        F         0
                text21                              6FB      6FB        A         0
                text20                              5B7      5B7       19         0
                text19                              746      746        3         0
                text18                              73A      73A        4         0
                text17                              60C      60C       12         0
                text16                              417      417       41         0
                text15                              652      652        F         0
                text14                              6B7      6B7        C         0
                text13                              6AA      6AA        D         0
                text12                              72A      72A        8         0
                text11                              6CF      6CF        B         0
                text10                              68E      68E        E         0
                text9                               4F8      4F8       26         0
                text8                               498      498       37         0
                text7                               581      581       1C         0
                text6                               5D0      5D0       15         0
                text5                               562      562       1F         0
                text4                               5FA      5FA       12         0
                text3                               51E      51E       23         0
                text2                               29E      29E       66         0
                text1                               458      458       40         0
                maintext                             E0       E0       B3         0
                clrtext                             722      722        8         0
                idataBANK0                          74D      74D        1         0

        CLASS   STRCODE        

        CLASS   STRING         

        CLASS   CONST          

        CLASS   ENTRY          
                functab                              1E       1E        E         0

        CLASS   COMMON         
                cstackCOMMON                         70       70        E         1

        CLASS   BANK0          
                cstackBANK0                          20       20       2E         1
                dataBANK0                            5E       5E        1         1
                bssBANK0                             4E       4E       10         1

        CLASS   BANK1          
                bssBANK1                             A0       A0       3A         1

        CLASS   BANK2          

        CLASS   RAM            

        CLASS   ABS1           
                abs_s1                               7E       7E        2         1

        CLASS   SFR0           

        CLASS   SFR1           

        CLASS   SFR2           

        CLASS   SFR3           

        CLASS   CONFIG         
                config                             2007     2007        1         4

        CLASS   IDLOC          

        CLASS   EEDATA         

        CLASS   BANK3          

        CLASS   STACK          



SEGMENTS        Name                           Load    Length   Top    Selector   Space  Class     Delta

                reset_vec                      000000  000001  000001         0       0  CODE        2
                intentry                       000004  00001A  00001E         8       0  CODE        2
                cstackBANK0                    000020  00003F  00005F        20       1  BANK0       1
                functab                        00001E  00000E  00002C        3C       0  ENTRY       2
                text43                         00002C  000722  00074E        58       0  CODE        2
                cstackCOMMON                   000070  00000E  00007E        70       1  COMMON      1
                bssBANK1                       0000A0  00003A  0000DA        A0       1  BANK1       1


UNUSED ADDRESS RANGES

        Name                Unused          Largest block    Delta
        BANK0            005F-006F             11           1
        BANK1            00DA-00EF             16           1
        BANK2            0120-014F             30           1
        CODE             0001-0003              3           2
                         074E-07FF             B2
        CONST            0001-0003              3           2
                         074E-07FF             B2
        EEDATA           2100-217F             80           2
        ENTRY            0001-0003              3           2
                         074E-07FF             B2
        IDLOC            2000-2003              4           2
        RAM              005F-006F             11           1
                         00DA-00EF             16
                         0120-014F             30
        SFR0             0000-001F             20           1
        SFR1             0080-009F             20           1
        SFR2             0100-011F             20           1
        SFR3             0180-01EF             70           1
        STRCODE          0001-0003              3           2
                         074E-07FF             B2
        STRING           0001-0003              3           2
                         074E-07FF             B2

                                  Symbol Table

?_sys_tick_get_tick                               cstackBANK0  002A
ISR@c                                             cstackBANK0  0027
ISR@iocMask                                       cstackBANK0  0029
ISR@newPORTB                                      cstackBANK0  0028
ISR@tmpPORTB                                      dataBANK0    005E
_CMCONbits                                        (abs)        001F
_EEADR                                            (abs)        009B
_EECON1                                           (abs)        009C
_EECON1bits                                       (abs)        009C
_EECON2                                           (abs)        009D
_EEDATA                                           (abs)        009A
_INTCONbits                                       (abs)        000B
_ISR                                              text39       0230
_OPTION_REGbits                                   (abs)        0081
_PIE1bits                                         (abs)        008C
_PIR1bits                                         (abs)        000C
_PORTAbits                                        (abs)        0005
_PORTB                                            (abs)        0006
_PORTBbits                                        (abs)        0006
_RCREG                                            (abs)        001A
_RCSTAbits                                        (abs)        0018
_SPBRG                                            (abs)        0099
_STATUSbits                                       (abs)        0003
_T1CONbits                                        (abs)        0010
_TMR0                                             (abs)        0001
_TMR1                                             (abs)        000E
_TRISAbits                                        (abs)        0085
_TRISB                                            (abs)        0086
_TRISBbits                                        (abs)        0086
_TXREG                                            (abs)        0019
_TXSTAbits                                        (abs)        0098
__Habs1                                           abs1         0058
__Hbank0                                          bank0        0058
__Hbank1                                          bank1        0058
__Hbank2                                          bank2        0058
__Hbank3                                          bank3        0058
__HbssBANK0                                       bssBANK0     0058
__HbssBANK1                                       bssBANK1     0058
__Hcinit                                          cinit        001E
__Hclrtext                                        clrtext      0058
__Hcode                                           code         0058
__Hcommon                                         common       0058
__Hconfig                                         config       2008
__HcstackBANK0                                    cstackBANK0  0058
__HcstackCOMMON                                   cstackCOMMON 0058
__HdataBANK0                                      dataBANK0    0058
__Heeprom_data                                    eeprom_data  0000
__Hend_init                                       end_init     0011
__Hfunctab                                        functab      002C
__HidataBANK0                                     idataBANK0   0058
__Hinit                                           init         0010
__Hintentry                                       intentry     0010
__Hmaintext                                       maintext     0058
__Hpowerup                                        powerup      0000
__Hram                                            ram          0058
__Hreset_vec                                      reset_vec    0001
__Hsfr0                                           sfr0         0058
__Hsfr1                                           sfr1         0058
__Hsfr2                                           sfr2         0058
__Hsfr3                                           sfr3         0058
__Hspace_0                                        (abs)        074E
__Hspace_1                                        (abs)        00DA
__Hspace_2                                        (abs)        0058
__Hspace_3                                        (abs)        0000
__Hspace_4                                        (abs)        400F
__Hstack                                          stack        0058
__Hstrings                                        strings      0058
__Htext                                           text         0058
__Labs1                                           abs1         0058
__Lbank0                                          bank0        0058
__Lbank1                                          bank1        0058
__Lbank2                                          bank2        0058
__Lbank3                                          bank3        0058
__LbssBANK0                                       bssBANK0     0058
__LbssBANK1                                       bssBANK1     0058
__Lcinit                                          cinit        0011
__Lclrtext                                        clrtext      0058
__Lcode                                           code         0058
__Lcommon                                         common       0058
__Lconfig                                         config       0000
__LcstackBANK0                                    cstackBANK0  0058
__LcstackCOMMON                                   cstackCOMMON 0058
__LdataBANK0                                      dataBANK0    0058
__Leeprom_data                                    eeprom_data  0000
__Lend_init                                       end_init     0010
__Lfunctab                                        functab      001E
__LidataBANK0                                     idataBANK0   0058
__Linit                                           init         0010
__Lintentry                                       intentry     0004
__Lmaintext                                       maintext     0058
__Lpowerup                                        powerup      0000
__Lram                                            ram          0058
__Lreset_vec                                      reset_vec    0000
__Lsfr0                                           sfr0         0058
__Lsfr1                                           sfr1         0058
__Lsfr2                                           sfr2         0058
__Lsfr3                                           sfr3         0058
__Lspace_0                                        (abs)        0000
__Lspace_1                                        (abs)        0000
__Lspace_2                                        (abs)        0000
__Lspace_3                                        (abs)        0000
__Lspace_4                                        (abs)        0000
__Lstack                                          stack        0058
__Lstrings                                        strings      0058
__Ltext                                           text         0058
__S0                                              (abs)        074E
__S1                                              (abs)        00DA
__S3                                              (abs)        0000
___bmul                                           text32       0630
___bmul@multiplicand                              cstackBANK0  002A
___bmul@multiplier                                cstackBANK0  002D
___bmul@product                                   cstackBANK0  002C
___int_sp                                         stack        0058
___latbits                                        (abs)        0000
___sp                                             stack        0058
___stackhi                                        (abs)        0000
___stacklo                                        (abs)        0000
__blink_handler                                   text45       074B
__end_of_ISR                                      text39       029E
__end_of___bmul                                   text32       0641
__end_of__blink_handler                           text45       074D
__end_of__i1fptable                               functab      002C
__end_of__initialization                          cinit        001C
__end_of_button1_handler                          text49       0630
__end_of_button2_handler                          text48       068E
__end_of_button3_handler                          text47       06AA
__end_of_button_init                              text35       0722
__end_of_eeprom_read                              text34       05FA
__end_of_eeprom_write                             text33       0562
__end_of_ex_int_add_isr_handler                   text38       073A
__end_of_ioc_rb4_add_isr_handler                  text37       06F0
__end_of_ioc_rb5_add_isr_handler                  text36       06CF
__end_of_led_ind_blink_start                      text30       06E5
__end_of_led_ind_blink_stop                       text27       0742
__end_of_led_ind_init                             text24       0719
__end_of_led_ind_off                              text29       0746
__end_of_led_ind_on                               text26       074B
__end_of_led_ind_toggle                           text46       067F
__end_of_main                                     maintext     0193
__end_of_relay_init                               text22       0670
__end_of_sys_tick_get_tick                        text17       061E
__end_of_sys_tick_handler                         text43       00E0
__end_of_sys_tick_init                            text20       05D0
__end_of_sys_tick_register_callback_handler       text25       0417
__end_of_sys_tick_start_periodic                  text31       03C2
__end_of_sys_tick_stop                            text28       04F8
__end_of_timer1_add_isr_handler                   text21       0705
__end_of_usart_add_isr_handler                    text15       0661
__end_of_usart_init                               text14       06C3
__end_of_usart_send                               text12       0732
__end_of_wait_for_msg                             text11       06DA
__end_of_wait_for_status                          text10       069C
__end_of_xEventGroupClearBits                     text23       070F
__end_of_xEventGroupCreate                        text19       0749
__end_of_xEventGroupGetBits                       text18       073E
__end_of_xEventGroupSetBits                       text50       06FB
__end_of_xEventGroupWaitBits                      text16       0458
__end_of_znp_af_data_request                      text2        0304
__end_of_znp_af_register                          text9        051E
__end_of_znp_frame_parser                         text41       0230
__end_of_znp_hard_reset                           text6        05E5
__end_of_znp_init                                 text13       06B7
__end_of_znp_msg_handler                          text42       0367
__end_of_znp_router_start                         text3        0541
__end_of_znp_send_msg                             text1        0498
__end_of_znp_set_channels                         text8        04CF
__end_of_znp_set_logical_type                     text7        059D
__end_of_znp_set_startopt                         text5        0581
__end_of_znp_usart_event_handler                  text40       05B7
__end_of_znp_zdo_startup_from_app                 text4        060C
__end_ofi1___bmul                                 text44       0652
__ex_int_isr                                      bssBANK0     0057
__i1fptable                                       functab      001F
__initialization                                  cinit        0011
__ioc_rb4_isr                                     bssBANK0     0056
__ioc_rb5_isr                                     bssBANK0     0055
__pbssBANK0                                       bssBANK0     004E
__pbssBANK1                                       bssBANK1     00A0
__pcstackBANK0                                    cstackBANK0  0020
__pcstackCOMMON                                   cstackCOMMON 0070
__pdataBANK0                                      dataBANK0    005E
__pfunctab                                        functab      001E
__pidataBANK0                                     idataBANK0   074D
__pintentry                                       intentry     0004
__pmaintext                                       maintext     00E0
__ptext1                                          text1        0458
__ptext10                                         text10       068E
__ptext11                                         text11       06CF
__ptext12                                         text12       072A
__ptext13                                         text13       06AA
__ptext14                                         text14       06B7
__ptext15                                         text15       0652
__ptext16                                         text16       0417
__ptext17                                         text17       060C
__ptext18                                         text18       073A
__ptext19                                         text19       0746
__ptext2                                          text2        029E
__ptext20                                         text20       05B7
__ptext21                                         text21       06FB
__ptext22                                         text22       0661
__ptext23                                         text23       0705
__ptext24                                         text24       070F
__ptext25                                         text25       03C2
__ptext26                                         text26       0749
__ptext27                                         text27       073E
__ptext28                                         text28       04CF
__ptext29                                         text29       0742
__ptext3                                          text3        051E
__ptext30                                         text30       06DA
__ptext31                                         text31       0367
__ptext32                                         text32       0630
__ptext33                                         text33       0541
__ptext34                                         text34       05E5
__ptext35                                         text35       0719
__ptext36                                         text36       06C3
__ptext37                                         text37       06E5
__ptext38                                         text38       0732
__ptext39                                         text39       0230
__ptext4                                          text4        05FA
__ptext40                                         text40       059D
__ptext41                                         text41       0193
__ptext42                                         text42       0304
__ptext43                                         text43       002C
__ptext44                                         text44       0641
__ptext45                                         text45       074B
__ptext46                                         text46       0670
__ptext47                                         text47       069C
__ptext48                                         text48       067F
__ptext49                                         text49       061E
__ptext5                                          text5        0562
__ptext50                                         text50       06F0
__ptext6                                          text6        05D0
__ptext7                                          text7        0581
__ptext8                                          text8        0498
__ptext9                                          text9        04F8
__size_of__i1fptable                              (abs)        0000
__sys_tick                                        bssBANK1     00A0
__tmr1_isr                                        bssBANK0     0059
__tmr2_isr                                        bssBANK0     0058
__usart_rx_isr                                    bssBANK0     005A
__zb_znp_cb                                       bssBANK0     0053
_button1_handler                                  text49       061E
_button2_handler                                  text48       067F
_button3_handler                                  text47       069C
_button_init                                      text35       0719
_eeprom_read                                      text34       05E5
_eeprom_write                                     text33       0541
_ex_int_add_isr_handler                           text38       0732
_ioc_rb4_add_isr_handler                          text37       06E5
_ioc_rb5_add_isr_handler                          text36       06C3
_last_cmd_rcv                                     bssBANK0     004E
_led_blink_handle                                 bssBANK0     0054
_led_ind_blink_start                              text30       06DA
_led_ind_blink_stop                               text27       073E
_led_ind_init                                     text24       070F
_led_ind_off                                      text29       0742
_led_ind_on                                       text26       0749
_led_ind_toggle                                   text46       0670
_main                                             maintext     00E0
_relay_data                                       bssBANK0     005C
_relay_init                                       text22       0661
_sys_tick_get_tick                                text17       060C
_sys_tick_handler                                 text43       002C
_sys_tick_init                                    text20       05B7
_sys_tick_register_callback_handler               text25       03C2
_sys_tick_start_periodic                          text31       0367
_sys_tick_stop                                    text28       04CF
_timer1_add_isr_handler                           text21       06FB
_usart_add_isr_handler                            text15       0652
_usart_init                                       text14       06B7
_usart_send                                       text12       072A
_uxBits                                           bssBANK0     005B
_wait_for_msg                                     text11       06CF
_wait_for_status                                  text10       068E
_xEventGroupClearBits                             text23       0705
_xEventGroupCreate                                text19       0746
_xEventGroupGetBits                               text18       073A
_xEventGroupSetBits                               text50       06F0
_xEventGroupWaitBits                              text16       0417
_znp_af_data_request                              text2        029E
_znp_af_register                                  text9        04F8
_znp_frame_parser                                 text41       0193
_znp_hard_reset                                   text6        05D0
_znp_init                                         text13       06AA
_znp_msg_handler                                  text42       0304
_znp_recv_msg                                     bssBANK1     00B9
_znp_router_start                                 text3        051E
_znp_send_msg                                     text1        0458
_znp_set_channels                                 text8        0498
_znp_set_logical_type                             text7        0581
_znp_set_startopt                                 text5        0562
_znp_state                                        bssBANK0     0052
_znp_usart_event_handler                          text40       059D
_znp_zdo_startup_from_app                         text4        05FA
btemp                                             (abs)        007E
clear_ram0                                        clrtext      0722
eeprom_read@addr                                  cstackBANK0  002B
eeprom_write@addr                                 cstackBANK0  002C
eeprom_write@value                                cstackBANK0  002A
end_of_initialization                             cinit        001C
ex_int_add_isr_handler@handler                    cstackBANK0  002B
fpbase                                            (abs)        0000
fptable                                           functab      001E
fptotal                                           (abs)        0000
i1___bmul                                         text44       0641
i1___bmul@multiplicand                            cstackCOMMON 0070
i1___bmul@multiplier                              cstackCOMMON 0073
i1___bmul@product                                 cstackCOMMON 0072
i1fpbase                                          functab      0024
i1fptable                                         functab      001F
i1fptotal                                         (abs)        000E
interrupt_function                                intentry     0004
intlevel0                                         functab      001E
intlevel1                                         functab      001E
intlevel2                                         functab      001E
intlevel3                                         functab      001E
intlevel4                                         functab      001E
intlevel5                                         functab      001E
ioc_rb4_add_isr_handler@handler                   cstackBANK0  002B
ioc_rb5_add_isr_handler@handler                   cstackBANK0  002B
main@keepalive_tick                               cstackBANK0  004A
reset_vec                                         reset_vec    0000
saved_w                                           (abs)        007E
start                                             init         0010
start_initialization                              cinit        0011
sys_tick_handler@i                                cstackBANK0  0020
sys_tick_register_callback_handler@_handler_index cstackBANK0  0031
sys_tick_register_callback_handler@cb             cstackBANK0  0030
sys_tick_start_periodic@handle                    cstackBANK0  0034
sys_tick_start_periodic@i                         cstackBANK0  0035
sys_tick_start_periodic@tick                      cstackBANK0  002E
sys_tick_stop@handle                              cstackBANK0  0030
sys_tick_stop@i                                   cstackBANK0  0031
timer1_add_isr_handler@handler                    cstackBANK0  002B
usart_add_isr_handler@handler                     cstackBANK0  002B
usart_send@c                                      cstackBANK0  002A
wait_for_msg@cmd                                  cstackBANK0  002A
wait_for_status@cmd                               cstackBANK0  002C
wait_for_status@offset                            cstackBANK0  002E
wait_for_status@status_to_wait                    cstackBANK0  002F
wtemp0                                            (abs)        007E
xEventGroupClearBits@uxBitsToClear                cstackBANK0  002B
xEventGroupSetBits@uxBitsToSet                    cstackCOMMON 0071
xEventGroupWaitBits@last_tick                     cstackBANK0  0036
xEventGroupWaitBits@ticks_to_wait                 cstackBANK0  002E
xEventGroupWaitBits@uxBitsToWaitFor               cstackBANK0  003A
znp_af_data_request@cluster_id                    cstackBANK0  0033
znp_af_data_request@data                          cstackBANK0  0035
znp_af_data_request@dst_addr                      cstackBANK0  0030
znp_af_data_request@endpoint                      cstackBANK0  0032
znp_af_data_request@fcs_calc                      cstackBANK0  003A
znp_af_data_request@i                             cstackBANK0  003B
znp_af_data_request@len                           cstackBANK0  0036
znp_af_data_request@wait_for_rsps                 cstackBANK0  0037
znp_af_register@endpoint                          cstackBANK0  0030
znp_frame_parser@ch                               cstackCOMMON 007A
znp_frame_parser@rcv_index                        bssBANK0     0050
znp_frame_parser@znp_fcs                          bssBANK0     0051
znp_init@callback                                 cstackBANK0  002D
znp_msg_handler@cmd                               cstackCOMMON 0072
znp_msg_handler@data                              cstackCOMMON 0074
znp_msg_handler@endpoint                          cstackCOMMON 0077
znp_msg_handler@len                               cstackCOMMON 0075
znp_router_start@start_opt                        cstackBANK0  0033
znp_send_msg@data                                 cstackBANK0  0044
znp_send_msg@dst_addr                             cstackBANK0  003C
znp_send_msg@endpoint                             cstackBANK0  003E
znp_send_msg@len                                  cstackBANK0  0045
znp_send_msg@wait_for_rsps                        cstackBANK0  003F
znp_set_startopt@startopt                         cstackBANK0  0030
znp_usart_event_handler@event_data                cstackCOMMON 007C
znp_usart_event_handler@rx_event                  cstackCOMMON 007B


MODULE INFORMATION

Module		Function		Class		Link	Load	Size
C:\Program Files\Microchip\xc8\v2.35\pic\sources\c90\pic\__eewrite.c
		_eeprom_write  		CODE           	0541	0000	33

C:\Program Files\Microchip\xc8\v2.35\pic\sources\c90\pic\__eewrite.c estimated size: 33

it_handle.c
		_ISR           		CODE           	0230	0000	110
		_ioc_rb5_add_isr_handler		CODE           	06C3	0000	12
		_timer1_add_isr_handler		CODE           	06FB	0000	10
		_usart_add_isr_handler		CODE           	0652	0000	15
		_ioc_rb4_add_isr_handler		CODE           	06E5	0000	11
		_ex_int_add_isr_handler		CODE           	0732	0000	8

it_handle.c estimated size: 166

C:\Program Files\Microchip\xc8\v2.35\pic\sources\c90\pic\__eeread.c
		_eeprom_read   		CODE           	05E5	0000	21

C:\Program Files\Microchip\xc8\v2.35\pic\sources\c90\pic\__eeread.c estimated size: 21

usart.c
		_usart_send    		CODE           	072A	0000	8
		_usart_init    		CODE           	06B7	0000	12

usart.c estimated size: 20

C:\Program Files\Microchip\xc8\v2.35\pic\sources\c90\common\Umul8.c
		___bmul        		CODE           	0630	0000	17

C:\Program Files\Microchip\xc8\v2.35\pic\sources\c90\common\Umul8.c estimated size: 17

sys_tick.c
		_sys_tick_register_callback_handler		CODE           	03C2	0000	85
		_sys_tick_init 		CODE           	05B7	0000	25
		_sys_tick_stop 		CODE           	04CF	0000	41
		_sys_tick_handler		CODE           	002C	0000	180
		_sys_tick_start_periodic		CODE           	0367	0000	91
		_sys_tick_get_tick		CODE           	060C	0000	18

sys_tick.c estimated size: 440

zb_znp.c
		_znp_zdo_startup_from_app		CODE           	05FA	0000	18
		_znp_router_start		CODE           	051E	0000	35
		_znp_set_channels		CODE           	0498	0000	55
		_znp_set_startopt		CODE           	0562	0000	31
		_wait_for_status		CODE           	068E	0000	14
		_znp_frame_parser		CODE           	0193	0000	157
		_znp_af_register		CODE           	04F8	0000	38
		_znp_set_logical_type		CODE           	0581	0000	28
		_znp_usart_event_handler		CODE           	059D	0000	26
		_znp_af_data_request		CODE           	029E	0000	102
		_znp_hard_reset		CODE           	05D0	0000	21
		_wait_for_msg  		CODE           	06CF	0000	11
		_znp_init      		CODE           	06AA	0000	13

zb_znp.c estimated size: 549

led_ind.c
		__blink_handler		CODE           	074B	0000	2
		_led_ind_blink_start		CODE           	06DA	0000	11
		_led_ind_blink_stop		CODE           	073E	0000	4
		_led_ind_on    		CODE           	0749	0000	2
		_led_ind_off   		CODE           	0742	0000	4
		_led_ind_init  		CODE           	070F	0000	10
		_led_ind_toggle		CODE           	0670	0000	15

led_ind.c estimated size: 48

shared
		__i1fptable    		ENTRY          	001F	0000	13
		__initialization		CODE           	0011	0000	11
		i1___bmul      		CODE           	0641	0000	17

shared estimated size: 41

main.c
		_relay_init    		CODE           	0661	0000	15
		_button3_handler		CODE           	069C	0000	14
		_main          		CODE           	00E0	0000	179
		_znp_msg_handler		CODE           	0304	0000	99
		_button2_handler		CODE           	067F	0000	15
		_button1_handler		CODE           	061E	0000	18
		_button_init   		CODE           	0719	0000	9
		_znp_send_msg  		CODE           	0458	0000	64

main.c estimated size: 413

event_groups.c
		_xEventGroupGetBits		CODE           	073A	0000	4
		_xEventGroupSetBits		CODE           	06F0	0000	11
		_xEventGroupClearBits		CODE           	0705	0000	10
		_xEventGroupCreate		CODE           	0746	0000	3
		_xEventGroupWaitBits		CODE           	0417	0000	65

event_groups.c estimated size: 93

